Component: ARM Compiler 5.06 update 7 (build 960) Tool: armlink [4d3601]

==============================================================================

Section Cross References

    startup_stm32f103xe.o(RESET) refers to startup_stm32f103xe.o(STACK) for __initial_sp
    startup_stm32f103xe.o(RESET) refers to startup_stm32f103xe.o(.text) for Reset_Handler
    startup_stm32f103xe.o(RESET) refers to stm32f1xx_it.o(i.NMI_Handler) for NMI_Handler
    startup_stm32f103xe.o(RESET) refers to stm32f1xx_it.o(i.HardFault_Handler) for HardFault_Handler
    startup_stm32f103xe.o(RESET) refers to stm32f1xx_it.o(i.MemManage_Handler) for MemManage_Handler
    startup_stm32f103xe.o(RESET) refers to stm32f1xx_it.o(i.BusFault_Handler) for BusFault_Handler
    startup_stm32f103xe.o(RESET) refers to stm32f1xx_it.o(i.UsageFault_Handler) for UsageFault_Handler
    startup_stm32f103xe.o(RESET) refers to port.o(.emb_text) for SVC_Handler
    startup_stm32f103xe.o(RESET) refers to stm32f1xx_it.o(i.DebugMon_Handler) for DebugMon_Handler
    startup_stm32f103xe.o(RESET) refers to port.o(i.SysTick_Handler) for SysTick_Handler
    startup_stm32f103xe.o(RESET) refers to driver_usart.o(i.USART1_IRQHandler) for USART1_IRQHandler
    startup_stm32f103xe.o(RESET) refers to stm32_uart3.o(i.USART3_IRQHandler) for USART3_IRQHandler
    startup_stm32f103xe.o(RESET) refers to driver_key.o(i.EXTI15_10_IRQHandler) for EXTI15_10_IRQHandler
    startup_stm32f103xe.o(RESET) refers to stm32f1xx_it.o(i.TIM8_UP_IRQHandler) for TIM8_UP_IRQHandler
    startup_stm32f103xe.o(.text) refers to system_stm32f1xx.o(i.SystemInit) for SystemInit
    startup_stm32f103xe.o(.text) refers to entry.o(.ARM.Collect$$$$00000000) for __main
    main.o(i.HAL_TIM_PeriodElapsedCallback) refers to stm32f1xx_hal.o(i.HAL_IncTick) for HAL_IncTick
    main.o(i.SystemClock_Config) refers to memseta.o(.text) for __aeabi_memclr4
    main.o(i.SystemClock_Config) refers to stm32f1xx_hal_rcc.o(i.HAL_RCC_OscConfig) for HAL_RCC_OscConfig
    main.o(i.SystemClock_Config) refers to main.o(i.Error_Handler) for Error_Handler
    main.o(i.SystemClock_Config) refers to stm32f1xx_hal_rcc.o(i.HAL_RCC_ClockConfig) for HAL_RCC_ClockConfig
    main.o(i.main) refers to stm32f1xx_hal.o(i.HAL_Init) for HAL_Init
    main.o(i.main) refers to main.o(i.SystemClock_Config) for SystemClock_Config
    main.o(i.main) refers to gpio.o(i.MX_GPIO_Init) for MX_GPIO_Init
    main.o(i.main) refers to usart.o(i.MX_USART1_UART_Init) for MX_USART1_UART_Init
    main.o(i.main) refers to usart.o(i.MX_USART3_UART_Init) for MX_USART3_UART_Init
    main.o(i.main) refers to driver_key.o(i.KEY_GPIO_ReInit) for KEY_GPIO_ReInit
    main.o(i.main) refers to ring_buffer.o(i.ring_buffer_init) for ring_buffer_init
    main.o(i.main) refers to stm32_uart3.o(i.UART3_Lock_Init) for UART3_Lock_Init
    main.o(i.main) refers to driver_usart.o(i.EnableDebugIRQ) for EnableDebugIRQ
    main.o(i.main) refers to driver_usart.o(i.EnableUART3IRQ) for EnableUART3IRQ
    main.o(i.main) refers to printf8.o(i.__0printf$8) for __2printf
    main.o(i.main) refers to cmsis_os2.o(i.osKernelInitialize) for osKernelInitialize
    main.o(i.main) refers to freertos.o(i.MX_FREERTOS_Init) for MX_FREERTOS_Init
    main.o(i.main) refers to at_command.o(i.ATInit) for ATInit
    main.o(i.main) refers to cmsis_os2.o(i.osKernelStart) for osKernelStart
    main.o(i.main) refers to stm32_uart3.o(i.USART3_Write) for USART3_Write
    main.o(i.main) refers to main.o(.bss) for test_buffer
    gpio.o(i.MX_GPIO_Init) refers to stm32f1xx_hal_gpio.o(i.HAL_GPIO_WritePin) for HAL_GPIO_WritePin
    gpio.o(i.MX_GPIO_Init) refers to stm32f1xx_hal_gpio.o(i.HAL_GPIO_Init) for HAL_GPIO_Init
    freertos.o(i.MX_FREERTOS_Init) refers to cmsis_os2.o(i.osThreadNew) for osThreadNew
    freertos.o(i.MX_FREERTOS_Init) refers to freertos.o(.constdata) for defaultTask_attributes
    freertos.o(i.MX_FREERTOS_Init) refers to freertos.o(i.StartDefaultTask) for StartDefaultTask
    freertos.o(i.MX_FREERTOS_Init) refers to freertos.o(.data) for defaultTaskHandle
    freertos.o(i.MX_FREERTOS_Init) refers to at_command.o(i.ATRecvParser) for ATRecvParser
    freertos.o(i.MX_FREERTOS_Init) refers to at_command.o(i.MQTT_Client_Task) for MQTT_Client_Task
    freertos.o(i.StartDefaultTask) refers to printf8.o(i.__0printf$8) for __2printf
    freertos.o(i.StartDefaultTask) refers to cmsis_os2.o(i.osDelay) for osDelay
    freertos.o(.constdata) refers to freertos.o(.conststring) for .conststring
    usart.o(i.HAL_UART_MspDeInit) refers to stm32f1xx_hal_gpio.o(i.HAL_GPIO_DeInit) for HAL_GPIO_DeInit
    usart.o(i.HAL_UART_MspDeInit) refers to stm32f1xx_hal_cortex.o(i.HAL_NVIC_DisableIRQ) for HAL_NVIC_DisableIRQ
    usart.o(i.HAL_UART_MspInit) refers to stm32f1xx_hal_gpio.o(i.HAL_GPIO_Init) for HAL_GPIO_Init
    usart.o(i.HAL_UART_MspInit) refers to stm32f1xx_hal_cortex.o(i.HAL_NVIC_SetPriority) for HAL_NVIC_SetPriority
[...]
    .bss                                     0x200004c0   Section      136  usart.o(.bss)
    .bss                                     0x20000548   Section       72  stm32f1xx_hal_timebase_tim.o(.bss)
    .bss                                     0x20000590   Section       64  queue.o(.bss)
    .bss                                     0x200005d0   Section     1220  tasks.o(.bss)
    pxReadyTasksLists                        0x200005d0   Data        1120  tasks.o(.bss)
    xDelayedTaskList1                        0x20000a30   Data          20  tasks.o(.bss)
    xDelayedTaskList2                        0x20000a44   Data          20  tasks.o(.bss)
    xPendingReadyList                        0x20000a58   Data          20  tasks.o(.bss)
    xTasksWaitingTermination                 0x20000a6c   Data          20  tasks.o(.bss)
    xSuspendedTaskList                       0x20000a80   Data          20  tasks.o(.bss)
    .bss                                     0x20000a94   Section      280  timers.o(.bss)
    xActiveTimerList1                        0x20000a94   Data          20  timers.o(.bss)
    xActiveTimerList2                        0x20000aa8   Data          20  timers.o(.bss)
    xStaticTimerQueue                        0x20000abc   Data          80  timers.o(.bss)
    ucStaticTimerQueueStorage                0x20000b0c   Data         160  timers.o(.bss)
    .bss                                     0x20000bac   Section     1720  cmsis_os2.o(.bss)
    Idle_TCB                                 0x20000bac   Data          92  cmsis_os2.o(.bss)
    Idle_Stack                               0x20000c08   Data         512  cmsis_os2.o(.bss)
    Timer_TCB                                0x20000e08   Data          92  cmsis_os2.o(.bss)
    Timer_Stack                              0x20000e64   Data        1024  cmsis_os2.o(.bss)
    .bss                                     0x20001264   Section    32768  heap_4.o(.bss)
    ucHeap                                   0x20001264   Data       32768  heap_4.o(.bss)
    .bss                                     0x20009264   Section     1132  at_command.o(.bss)
    g_packet_buffer                          0x20009264   Data        1032  at_command.o(.bss)
    g_at_resp                                0x2000966c   Data         100  at_command.o(.bss)
    .bss                                     0x200096d0   Section     1032  stm32_uart3.o(.bss)
    uart3_buffer                             0x200096d0   Data        1032  stm32_uart3.o(.bss)
    STACK                                    0x20009ad8   Section     1024  startup_stm32f103xe.o(STACK)

    Global Symbols

    Symbol Name                              Value     Ov Type        Size  Object(Section)

    BuildAttributes$$THM_ISAv4$P$D$K$B$S$PE$A:L22UL41UL21$X:L11$S22US41US21$IEEE1$IW$USESV6$~STKCKD$USESV7$~SHL$OSPACE$ROPI$EBA8$MICROLIB$REQ8$PRES8$EABIv2 0x00000000   Number         0  anon$$obj.o ABSOLUTE
    __ARM_use_no_argv                        0x00000000   Number         0  main.o ABSOLUTE
    _printf_a                                0x00000000   Number         0  stubs.o ABSOLUTE
    _printf_c                                0x00000000   Number         0  stubs.o ABSOLUTE
    _printf_charcount                        0x00000000   Number         0  stubs.o ABSOLUTE
    _printf_d                                0x00000000   Number         0  stubs.o ABSOLUTE
    _printf_e                                0x00000000   Number         0  stubs.o ABSOLUTE
    _printf_f                                0x00000000   Number         0  stubs.o ABSOLUTE
    _printf_flags                            0x00000000   Number         0  stubs.o ABSOLUTE
    _printf_fp_dec                           0x00000000   Number         0  stubs.o ABSOLUTE
    _printf_fp_hex                           0x00000000   Number         0  stubs.o ABSOLUTE
    _printf_g                                0x00000000   Number         0  stubs.o ABSOLUTE
    _printf_i                                0x00000000   Number         0  stubs.o ABSOLUTE
    _printf_int_dec                          0x00000000   Number         0  stubs.o ABSOLUTE
    _printf_l                                0x00000000   Number         0  stubs.o ABSOLUTE
    _printf_lc                               0x00000000   Number         0  stubs.o ABSOLUTE
    _printf_ll                               0x00000000   Number         0  stubs.o ABSOLUTE
    _printf_lld                              0x00000000   Number         0  stubs.o ABSOLUTE
    _printf_lli                              0x00000000   Number         0  stubs.o ABSOLUTE
    _printf_llo                              0x00000000   Number         0  stubs.o ABSOLUTE
    _printf_llu                              0x00000000   Number         0  stubs.o ABSOLUTE
    _printf_llx                              0x00000000   Number         0  stubs.o ABSOLUTE
    _printf_longlong_dec                     0x00000000   Number         0  stubs.o ABSOLUTE
    _printf_longlong_hex                     0x00000000   Number         0  stubs.o ABSOLUTE
    _printf_longlong_oct                     0x00000000   Number         0  stubs.o ABSOLUTE
    _printf_ls                               0x00000000   Number         0  stubs.o ABSOLUTE
    _printf_mbtowc                           0x00000000   Number         0  stubs.o ABSOLUTE
    _printf_n                                0x00000000   Number         0  stubs.o ABSOLUTE
    _printf_o                                0x00000000   Number         0  stubs.o ABSOLUTE
    _printf_p                                0x00000000   Number         0  stubs.o ABSOLUTE
    _printf_percent                          0x00000000   Number         0  stubs.o ABSOLUTE
    _printf_pre_padding                      0x00000000   Number         0  stubs.o ABSOLUTE
    _printf_return_value                     0x00000000   Number         0  stubs.o ABSOLUTE
    _printf_s                                0x00000000   Number         0  stubs.o ABSOLUTE
    _printf_sizespec                         0x00000000   Number         0  stubs.o ABSOLUTE
    _printf_str                              0x00000000   Number         0  stubs.o ABSOLUTE
    _printf_truncate_signed                  0x00000000   Number         0  stubs.o ABSOLUTE
    _printf_truncate_unsigned                0x00000000   Number         0  stubs.o ABSOLUTE
    _printf_u                                0x00000000   Number         0  stubs.o ABSOLUTE
    _printf_wc                               0x00000000   Number         0  stubs.o ABSOLUTE
    _printf_wctomb                           0x00000000   Number         0  stubs.o ABSOLUTE
    _printf_widthprec                        0x00000000   Number         0  stubs.o ABSOLUTE
    _printf_x                                0x00000000   Number         0  stubs.o ABSOLUTE
    __arm_fini_                               - Undefined Weak Reference
    __cpp_initialize__aeabi_                  - Undefined Weak Reference
    __cxa_finalize                            - Undefined Weak Reference
    __decompress                              - Undefined Weak Reference
    _clock_init                               - Undefined Weak Reference
    _microlib_exit                            - Undefined Weak Reference
    __Vectors_Size                           0x00000130   Number         0  startup_stm32f103xe.o ABSOLUTE
    __Vectors                                0x08000000   Data           4  startup_stm32f103xe.o(RESET)
    __Vectors_End                            0x08000130   Data           0  startup_stm32f103xe.o(RESET)
    __main                                   0x08000131   Thumb Code     0  entry.o(.ARM.Collect$$$$00000000)
    _main_stk                                0x08000131   Thumb Code     0  entry2.o(.ARM.Collect$$$$00000001)
    _main_scatterload                        0x08000135   Thumb Code     0  entry5.o(.ARM.Collect$$$$00000004)
    __main_after_scatterload                 0x08000139   Thumb Code     0  entry5.o(.ARM.Collect$$$$00000004)
    _main_clock                              0x08000139   Thumb Code     0  entry7b.o(.ARM.Collect$$$$00000008)
    _main_cpp_init                           0x08000139   Thumb Code     0  entry8b.o(.ARM.Collect$$$$0000000A)
    _main_init                               0x08000139   Thumb Code     0  entry9a.o(.ARM.Collect$$$$0000000B)
    __rt_lib_shutdown_fini                   0x08000141   Thumb Code     0  entry12b.o(.ARM.Collect$$$$0000000E)
    __rt_final_cpp                           0x08000145   Thumb Code     0  entry10a.o(.ARM.Collect$$$$0000000F)
    __rt_final_exit                          0x08000145   Thumb Code     0  entry11a.o(.ARM.Collect$$$$00000011)
    SVC_Handler                              0x08000149   Thumb Code    32  port.o(.emb_text)
    __asm___6_port_c_39a90d8d__prvStartFirstTask 0x0800016d   Thumb Code    28  port.o(.emb_text)
    PendSV_Handler                           0x0800018d   Thumb Code    72  port.o(.emb_text)
    vPortGetIPSR                             0x080001d9   Thumb Code     6  port.o(.emb_text)
    Reset_Handler                            0x080001e1   Thumb Code     8  startup_stm32f103xe.o(.text)
    ADC1_2_IRQHandler                        0x080001fb   Thumb Code     0  startup_stm32f103xe.o(.text)
    ADC3_IRQHandler                          0x080001fb   Thumb Code     0  startup_stm32f103xe.o(.text)
    CAN1_RX1_IRQHandler                      0x080001fb   Thumb Code     0  startup_stm32f103xe.o(.text)
    CAN1_SCE_IRQHandler                      0x080001fb   Thumb Code     0  startup_stm32f103xe.o(.text)
    DMA1_Channel1_IRQHandler                 0x080001fb   Thumb Code     0  startup_stm32f103xe.o(.text)
    DMA1_Channel2_IRQHandler                 0x080001fb   Thumb Code     0  startup_stm32f103xe.o(.text)
    DMA1_Channel3_IRQHandler                 0x080001fb   Thumb Code     0  startup_stm32f103xe.o(.text)
    DMA1_Channel4_IRQHandler                 0x080001fb   Thumb Code     0  startup_stm32f103xe.o(.text)
    DMA1_Channel5_IRQHandler                 0x080001fb   Thumb Code     0  startup_stm32f103xe.o(.text)
    DMA1_Channel6_IRQHandler                 0x080001fb   Thumb Code     0  startup_stm32f103xe.o(.text)
    DMA1_Channel7_IRQHandler                 0x080001fb   Thumb Code     0  startup_stm32f103xe.o(.text)
    DMA2_Channel1_IRQHandler                 0x080001fb   Thumb Code     0  startup_stm32f103xe.o(.text)
    DMA2_Channel2_IRQHandler                 0x080001fb   Thumb Code     0  startup_stm32f103xe.o(.text)
    DMA2_Channel3_IRQHandler                 0x080001fb   Thumb Code     0  startup_stm32f103xe.o(.text)
    DMA2_Channel4_5_IRQHandler               0x080001fb   Thumb Code     0  startup_stm32f103xe.o(.text)
    EXTI0_IRQHandler                         0x080001fb   Thumb Code     0  startup_stm32f103xe.o(.text)
    EXTI1_IRQHandler                         0x080001fb   Thumb Code     0  startup_stm32f103xe.o(.text)
    EXTI2_IRQHandler                         0x080001fb   Thumb Code     0  startup_stm32f103xe.o(.text)
    EXTI3_IRQHandler                         0x080001fb   Thumb Code     0  startup_stm32f103xe.o(.text)
    EXTI4_IRQHandler                         0x080001fb   Thumb Code     0  startup_stm32f103xe.o(.text)
    EXTI9_5_IRQHandler                       0x080001fb   Thumb Code     0  startup_stm32f103xe.o(.text)
    FLASH_IRQHandler                         0x080001fb   Thumb Code     0  startup_stm32f103xe.o(.text)
    FSMC_IRQHandler                          0x080001fb   Thumb Code     0  startup_stm32f103xe.o(.text)
    I2C1_ER_IRQHandler                       0x080001fb   Thumb Code     0  startup_stm32f103xe.o(.text)
    I2C1_EV_IRQHandler                       0x080001fb   Thumb Code     0  startup_stm32f103xe.o(.text)
    I2C2_ER_IRQHandler                       0x080001fb   Thumb Code     0  startup_stm32f103xe.o(.text)
    I2C2_EV_IRQHandler                       0x080001fb   Thumb Code     0  startup_stm32f103xe.o(.text)
    PVD_IRQHandler                           0x080001fb   Thumb Code     0  startup_stm32f103xe.o(.text)
    RCC_IRQHandler                           0x080001fb   Thumb Code     0  startup_stm32f103xe.o(.text)
    RTC_Alarm_IRQHandler                     0x080001fb   Thumb Code     0  startup_stm32f103xe.o(.text)
    RTC_IRQHandler                           0x080001fb   Thumb Code     0  startup_stm32f103xe.o(.text)
    SDIO_IRQHandler                          0x080001fb   Thumb Code     0  startup_stm32f103xe.o(.text)
    SPI1_IRQHandler                          0x080001fb   Thumb Code     0  startup_stm32f103xe.o(.text)
    SPI2_IRQHandler                          0x080001fb   Thumb Code     0  startup_stm32f103xe.o(.text)
    SPI3_IRQHandler                          0x080001fb   Thumb Code     0  startup_stm32f103xe.o(.text)
    TAMPER_IRQHandler                        0x080001fb   Thumb Code     0  startup_stm32f103xe.o(.text)
    TIM1_BRK_IRQHandler                      0x080001fb   Thumb Code     0  startup_stm32f103xe.o(.text)
    TIM1_CC_IRQHandler                       0x080001fb   Thumb Code     0  startup_stm32f103xe.o(.text)
    TIM1_TRG_COM_IRQHandler                  0x080001fb   Thumb Code     0  startup_stm32f103xe.o(.text)
    TIM1_UP_IRQHandler                       0x080001fb   Thumb Code     0  startup_stm32f103xe.o(.text)
    TIM2_IRQHandler                          0x080001fb   Thumb Code     0  startup_stm32f103xe.o(.text)
    TIM3_IRQHandler                          0x080001fb   Thumb Code     0  startup_stm32f103xe.o(.text)
    TIM4_IRQHandler                          0x080001fb   Thumb Code     0  startup_stm32f103xe.o(.text)
    TIM5_IRQHandler                          0x080001fb   Thumb Code     0  startup_stm32f103xe.o(.text)
    TIM6_IRQHandler                          0x080001fb   Thumb Code     0  startup_stm32f103xe.o(.text)
    TIM7_IRQHandler                          0x080001fb   Thumb Code     0  startup_stm32f103xe.o(.text)
    TIM8_BRK_IRQHandler                      0x080001fb   Thumb Code     0  startup_stm32f103xe.o(.text)
    TIM8_CC_IRQHandler                       0x080001fb   Thumb Code     0  startup_stm32f103xe.o(.text)
    TIM8_TRG_COM_IRQHandler                  0x080001fb   Thumb Code     0  startup_stm32f103xe.o(.text)
    UART4_IRQHandler                         0x080001fb   Thumb Code     0  startup_stm32f103xe.o(.text)
    UART5_IRQHandler                         0x080001fb   Thumb Code     0  startup_stm32f103xe.o(.text)
    USART2_IRQHandler                        0x080001fb   Thumb Code     0  startup_stm32f103xe.o(.text)
    USBWakeUp_IRQHandler                     0x080001fb   Thumb Code     0  startup_stm32f103xe.o(.text)
    USB_HP_CAN1_TX_IRQHandler                0x080001fb   Thumb Code     0  startup_stm32f103xe.o(.text)
    USB_LP_CAN1_RX0_IRQHandler               0x080001fb   Thumb Code     0  startup_stm32f103xe.o(.text)
    WWDG_IRQHandler                          0x080001fb   Thumb Code     0  startup_stm32f103xe.o(.text)
    __aeabi_llsr                             0x08000205   Thumb Code    32  llushr.o(.text)
    _ll_ushift_r                             0x08000205   Thumb Code     0  llushr.o(.text)
    rand                                     0x08000225   Thumb Code    20  rand.o(.text)
    srand                                    0x08000239   Thumb Code     6  rand.o(.text)
    __aeabi_memcpy                           0x08000249   Thumb Code    36  memcpya.o(.text)
    __aeabi_memcpy4                          0x08000249   Thumb Code     0  memcpya.o(.text)
    __aeabi_memcpy8                          0x08000249   Thumb Code     0  memcpya.o(.text)
    __aeabi_memset                           0x0800026d   Thumb Code    14  memseta.o(.text)
    __aeabi_memset4                          0x0800026d   Thumb Code     0  memseta.o(.text)
    __aeabi_memset8                          0x0800026d   Thumb Code     0  memseta.o(.text)
    __aeabi_memclr                           0x0800027b   Thumb Code     4  memseta.o(.text)
    __aeabi_memclr4                          0x0800027b   Thumb Code     0  memseta.o(.text)
    __aeabi_memclr8                          0x0800027b   Thumb Code     0  memseta.o(.text)
    memset                                   0x0800027f   Thumb Code    18  memseta.o(.text)
    strstr                                   0x08000291   Thumb Code    36  strstr.o(.text)
    strlen                                   0x080002b5   Thumb Code    14  strlen.o(.text)
    strncmp                                  0x080002c3   Thumb Code    30  strncmp.o(.text)
    __aeabi_uldivmod                         0x080002e1   Thumb Code    98  uldiv.o(.text)
    __scatterload                            0x08000345   Thumb Code    28  init.o(.text)
    __scatterload_rt2                        0x08000345   Thumb Code     0  init.o(.text)
    __aeabi_llsl                             0x08000369   Thumb Code    30  llshl.o(.text)
    _ll_shift_l                              0x08000369   Thumb Code     0  llshl.o(.text)
    ATInit                                   0x08000389   Thumb Code    36  at_command.o(i.ATInit)
    ATReadData                               0x080003b9   Thumb Code    48  at_command.o(i.ATReadData)
    ATRecvParser                             0x080003f1   Thumb Code   140  at_command.o(i.ATRecvParser)
    ATSendCmd                                0x08000495   Thumb Code    94  at_command.o(i.ATSendCmd)
    ATSendData                               0x08000501   Thumb Code    48  at_command.o(i.ATSendData)
    BusFault_Handler                         0x08000535   Thumb Code     4  stm32f1xx_it.o(i.BusFault_Handler)
    DebugMon_Handler                         0x08000539   Thumb Code     2  stm32f1xx_it.o(i.DebugMon_Handler)
    EXTI15_10_IRQHandler                     0x0800053b   Thumb Code    20  driver_key.o(i.EXTI15_10_IRQHandler)
    EnableDebugIRQ                           0x08000551   Thumb Code    36  driver_usart.o(i.EnableDebugIRQ)
    EnableUART3IRQ                           0x08000579   Thumb Code    52  driver_usart.o(i.EnableUART3IRQ)
    Error_Handler                            0x080005b1   Thumb Code     6  main.o(i.Error_Handler)
    GetATStatus                              0x080005b9   Thumb Code     6  at_command.o(i.GetATStatus)
    HAL_AT_Secv                              0x080005e5   Thumb Code    16  at_uart_hal.o(i.HAL_AT_Secv)
    HAL_AT_Send                              0x080005f5   Thumb Code    16  at_uart_hal.o(i.HAL_AT_Send)
    HAL_DMA_Abort                            0x08000605   Thumb Code    86  stm32f1xx_hal_dma.o(i.HAL_DMA_Abort)
    HAL_DMA_Abort_IT                         0x0800065d   Thumb Code   414  stm32f1xx_hal_dma.o(i.HAL_DMA_Abort_IT)
    HAL_GPIO_EXTI_Callback                   0x08000805   Thumb Code    48  driver_key.o(i.HAL_GPIO_EXTI_Callback)
    HAL_GPIO_EXTI_IRQHandler                 0x08000841   Thumb Code    24  stm32f1xx_hal_gpio.o(i.HAL_GPIO_EXTI_IRQHandler)
    HAL_GPIO_Init                            0x0800085d   Thumb Code   792  stm32f1xx_hal_gpio.o(i.HAL_GPIO_Init)
    HAL_GPIO_ReadPin                         0x08000b9d   Thumb Code    16  stm32f1xx_hal_gpio.o(i.HAL_GPIO_ReadPin)
    HAL_GPIO_WritePin                        0x08000bad   Thumb Code    12  stm32f1xx_hal_gpio.o(i.HAL_GPIO_WritePin)
    HAL_GetTick                              0x08000bb9   Thumb Code     6  stm32f1xx_hal.o(i.HAL_GetTick)
    HAL_IncTick                              0x08000bc5   Thumb Code    16  stm32f1xx_hal.o(i.HAL_IncTick)
    HAL_Init                                 0x08000bdd   Thumb Code    34  stm32f1xx_hal.o(i.HAL_Init)
    HAL_InitTick                             0x08000c05   Thumb Code   118  stm32f1xx_hal_timebase_tim.o(i.HAL_InitTick)
    HAL_MspInit                              0x08000c8d   Thumb Code    86  stm32f1xx_hal_msp.o(i.HAL_MspInit)
    HAL_NVIC_EnableIRQ                       0x08000ced   Thumb Code    32  stm32f1xx_hal_cortex.o(i.HAL_NVIC_EnableIRQ)
    HAL_NVIC_SetPriority                     0x08000d0d   Thumb Code   124  stm32f1xx_hal_cortex.o(i.HAL_NVIC_SetPriority)
    HAL_NVIC_SetPriorityGrouping             0x08000d89   Thumb Code    32  stm32f1xx_hal_cortex.o(i.HAL_NVIC_SetPriorityGrouping)
    HAL_RCC_ClockConfig                      0x08000db1   Thumb Code   376  stm32f1xx_hal_rcc.o(i.HAL_RCC_ClockConfig)
    HAL_RCC_GetClockConfig                   0x08000f3d   Thumb Code    58  stm32f1xx_hal_rcc.o(i.HAL_RCC_GetClockConfig)
    HAL_RCC_GetHCLKFreq                      0x08000f81   Thumb Code     6  stm32f1xx_hal_rcc.o(i.HAL_RCC_GetHCLKFreq)
    HAL_RCC_GetPCLK1Freq                     0x08000f8d   Thumb Code    22  stm32f1xx_hal_rcc.o(i.HAL_RCC_GetPCLK1Freq)
    HAL_RCC_GetPCLK2Freq                     0x08000fad   Thumb Code    22  stm32f1xx_hal_rcc.o(i.HAL_RCC_GetPCLK2Freq)
    HAL_RCC_GetSysClockFreq                  0x08000fcd   Thumb Code   116  stm32f1xx_hal_rcc.o(i.HAL_RCC_GetSysClockFreq)
    HAL_RCC_OscConfig                        0x08001061   Thumb Code  1114  stm32f1xx_hal_rcc.o(i.HAL_RCC_OscConfig)
    HAL_TIMEx_BreakCallback                  0x080014c5   Thumb Code     2  stm32f1xx_hal_tim_ex.o(i.HAL_TIMEx_BreakCallback)
    HAL_TIMEx_CommutCallback                 0x080014c7   Thumb Code     2  stm32f1xx_hal_tim_ex.o(i.HAL_TIMEx_CommutCallback)
    HAL_TIM_Base_Init                        0x080014c9   Thumb Code   102  stm32f1xx_hal_tim.o(i.HAL_TIM_Base_Init)
    HAL_TIM_Base_MspInit                     0x0800152f   Thumb Code     2  stm32f1xx_hal_tim.o(i.HAL_TIM_Base_MspInit)
    HAL_TIM_Base_Start_IT                    0x08001531   Thumb Code   122  stm32f1xx_hal_tim.o(i.HAL_TIM_Base_Start_IT)
    HAL_TIM_IC_CaptureCallback               0x080015c1   Thumb Code     2  stm32f1xx_hal_tim.o(i.HAL_TIM_IC_CaptureCallback)
    HAL_TIM_IRQHandler                       0x080015c3   Thumb Code   406  stm32f1xx_hal_tim.o(i.HAL_TIM_IRQHandler)
    HAL_TIM_OC_DelayElapsedCallback          0x08001759   Thumb Code     2  stm32f1xx_hal_tim.o(i.HAL_TIM_OC_DelayElapsedCallback)
    HAL_TIM_PWM_PulseFinishedCallback        0x0800175b   Thumb Code     2  stm32f1xx_hal_tim.o(i.HAL_TIM_PWM_PulseFinishedCallback)
    HAL_TIM_PeriodElapsedCallback            0x0800175d   Thumb Code    18  main.o(i.HAL_TIM_PeriodElapsedCallback)
    HAL_TIM_TriggerCallback                  0x08001775   Thumb Code     2  stm32f1xx_hal_tim.o(i.HAL_TIM_TriggerCallback)
    HAL_UARTEx_RxEventCallback               0x08001777   Thumb Code     2  stm32f1xx_hal_uart.o(i.HAL_UARTEx_RxEventCallback)
    HAL_UART_ErrorCallback                   0x08001779   Thumb Code     2  stm32f1xx_hal_uart.o(i.HAL_UART_ErrorCallback)
    HAL_UART_IRQHandler                      0x0800177d   Thumb Code   582  stm32f1xx_hal_uart.o(i.HAL_UART_IRQHandler)
    HAL_UART_Init                            0x080019c9   Thumb Code   114  stm32f1xx_hal_uart.o(i.HAL_UART_Init)
    HAL_UART_MspInit                         0x08001a3d   Thumb Code   266  usart.o(i.HAL_UART_MspInit)
    HAL_UART_RxCpltCallback                  0x08001b61   Thumb Code    16  driver_usart.o(i.HAL_UART_RxCpltCallback)
    HAL_UART_Transmit_IT                     0x08001b79   Thumb Code    88  stm32f1xx_hal_uart.o(i.HAL_UART_Transmit_IT)
    HAL_UART_TxCpltCallback                  0x08001bd1   Thumb Code    16  driver_usart.o(i.HAL_UART_TxCpltCallback)
    HardFault_Handler                        0x08001be9   Thumb Code     4  stm32f1xx_it.o(i.HardFault_Handler)
    KEY_GPIO_ReInit                          0x08001bed   Thumb Code   122  driver_key.o(i.KEY_GPIO_ReInit)
    MQTTDeserialize_ack                      0x08001c75   Thumb Code   108  mqttdeserializepublish.o(i.MQTTDeserialize_ack)
    MQTTDeserialize_connack                  0x08001ce1   Thumb Code   118  mqttconnectclient.o(i.MQTTDeserialize_connack)
    MQTTDeserialize_publish                  0x08001d57   Thumb Code   168  mqttdeserializepublish.o(i.MQTTDeserialize_publish)
    MQTTDeserialize_suback                   0x08001dff   Thumb Code   146  mqttsubscribeclient.o(i.MQTTDeserialize_suback)
    MQTTDeserialize_unsuback                 0x08001e91   Thumb Code    46  mqttunsubscribeclient.o(i.MQTTDeserialize_unsuback)
    MQTTPacket_decode                        0x08001ebf   Thumb Code    88  mqttpacket.o(i.MQTTPacket_decode)
    MQTTPacket_decodeBuf                     0x08001f19   Thumb Code    20  mqttpacket.o(i.MQTTPacket_decodeBuf)
    MQTTPacket_encode                        0x08001f35   Thumb Code    54  mqttpacket.o(i.MQTTPacket_encode)
    MQTTPacket_equals                        0x08001f6b   Thumb Code    66  mqttpacket.o(i.MQTTPacket_equals)
    MQTTPacket_len                           0x08001fad   Thumb Code    34  mqttpacket.o(i.MQTTPacket_len)
    MQTTSerialize_ack                        0x08001fd5   Thumb Code   114  mqttserializepublish.o(i.MQTTSerialize_ack)
    MQTTSerialize_connect                    0x08002049   Thumb Code   342  mqttconnectclient.o(i.MQTTSerialize_connect)
    MQTTSerialize_connectLength              0x080021b1   Thumb Code   118  mqttconnectclient.o(i.MQTTSerialize_connectLength)
    MQTTSerialize_pingreq                    0x08002227   Thumb Code    18  mqttconnectclient.o(i.MQTTSerialize_pingreq)
    MQTTSerialize_publish                    0x08002239   Thumb Code   176  mqttserializepublish.o(i.MQTTSerialize_publish)
    MQTTSerialize_publishLength              0x080022e9   Thumb Code    34  mqttserializepublish.o(i.MQTTSerialize_publishLength)
    MQTTSerialize_subscribe                  0x0800230b   Thumb Code   176  mqttsubscribeclient.o(i.MQTTSerialize_subscribe)
    MQTTSerialize_subscribeLength            0x080023bb   Thumb Code    46  mqttsubscribeclient.o(i.MQTTSerialize_subscribeLength)
    MQTTSerialize_zero                       0x080023e9   Thumb Code    76  mqttconnectclient.o(i.MQTTSerialize_zero)
    MQTT_Client_Task                         0x08002435   Thumb Code   218  at_command.o(i.MQTT_Client_Task)
    MQTTstrlen                               0x080025cd   Thumb Code    24  mqttpacket.o(i.MQTTstrlen)
    MX_FREERTOS_Init                         0x080025e5   Thumb Code    38  freertos.o(i.MX_FREERTOS_Init)
    MX_GPIO_Init                             0x08002621   Thumb Code   272  gpio.o(i.MX_GPIO_Init)
    MX_USART1_UART_Init                      0x08002741   Thumb Code    46  usart.o(i.MX_USART1_UART_Init)
    MX_USART3_UART_Init                      0x08002779   Thumb Code    46  usart.o(i.MX_USART3_UART_Init)
    MemManage_Handler                        0x080027b1   Thumb Code     4  stm32f1xx_it.o(i.MemManage_Handler)
    NMI_Handler                              0x080027b5   Thumb Code     4  stm32f1xx_it.o(i.NMI_Handler)
    SetATStatus                              0x08002841   Thumb Code     6  at_command.o(i.SetATStatus)
    StartDefaultTask                         0x0800284d   Thumb Code    16  freertos.o(i.StartDefaultTask)
    SysTick_Handler                          0x08002871   Thumb Code    46  port.o(i.SysTick_Handler)
    SystemClock_Config                       0x080028a5   Thumb Code   102  main.o(i.SystemClock_Config)
    SystemInit                               0x0800290b   Thumb Code     2  system_stm32f1xx.o(i.SystemInit)
    TIM8_UP_IRQHandler                       0x0800290d   Thumb Code    10  stm32f1xx_it.o(i.TIM8_UP_IRQHandler)
    TIM_Base_SetConfig                       0x0800291d   Thumb Code   134  stm32f1xx_hal_tim.o(i.TIM_Base_SetConfig)
    UART3_Lock_Init                          0x080029b9   Thumb Code    22  stm32_uart3.o(i.UART3_Lock_Init)
    USART1_IRQHandler                        0x08002c85   Thumb Code    38  driver_usart.o(i.USART1_IRQHandler)
    USART3_IRQHandler                        0x08002cb9   Thumb Code    54  stm32_uart3.o(i.USART3_IRQHandler)
    USART3_Read                              0x08002cfd   Thumb Code    30  stm32_uart3.o(i.USART3_Read)
    USART3_Write                             0x08002d25   Thumb Code    40  stm32_uart3.o(i.USART3_Write)
    UsageFault_Handler                       0x08002d51   Thumb Code     4  stm32f1xx_it.o(i.UsageFault_Handler)
    __0printf$8                              0x08002d55   Thumb Code    22  printf8.o(i.__0printf$8)
    __1printf$8                              0x08002d55   Thumb Code     0  printf8.o(i.__0printf$8)
    __2printf                                0x08002d55   Thumb Code     0  printf8.o(i.__0printf$8)
    __0sprintf$8                             0x08002d75   Thumb Code    34  printf8.o(i.__0sprintf$8)
    __1sprintf$8                             0x08002d75   Thumb Code     0  printf8.o(i.__0sprintf$8)
    __2sprintf                               0x08002d75   Thumb Code     0  printf8.o(i.__0sprintf$8)
    __scatterload_copy                       0x08002de7   Thumb Code    14  handlers.o(i.__scatterload_copy)
    __scatterload_null                       0x08002df5   Thumb Code     2  handlers.o(i.__scatterload_null)
    __scatterload_zeroinit                   0x08002df7   Thumb Code    14  handlers.o(i.__scatterload_zeroinit)
    bufchar                                  0x08003285   Thumb Code    36  mqttpacket.o(i.bufchar)
    fputc                                    0x08003345   Thumb Code    34  driver_usart.o(i.fputc)
    main                                     0x08003371   Thumb Code    76  main.o(i.main)
    mqtt_connect                             0x08003757   Thumb Code    12  mqttclient.o(i.mqtt_connect)
    mqtt_keep_alive                          0x08003ca1   Thumb Code   140  mqttclient.o(i.mqtt_keep_alive)
    mqtt_lease                               0x08003d7d   Thumb Code    42  mqttclient.o(i.mqtt_lease)
    mqtt_list_add_tail                       0x08003da7   Thumb Code    18  mqtt_list.o(i.mqtt_list_add_tail)
    mqtt_list_del                            0x08003db9   Thumb Code    14  mqtt_list.o(i.mqtt_list_del)
    mqtt_list_del_init                       0x08003dc7   Thumb Code    18  mqtt_list.o(i.mqtt_list_del_init)
    mqtt_list_init                           0x08003dd9   Thumb Code     6  mqtt_list.o(i.mqtt_list_init)
    mqtt_list_is_empty                       0x08003ddf   Thumb Code    16  mqtt_list.o(i.mqtt_list_is_empty)
    mqtt_publish                             0x08004079   Thumb Code   310  mqttclient.o(i.mqtt_publish)
    mqtt_set_clean_session                   0x08004675   Thumb Code    50  mqttclient.o(i.mqtt_set_clean_session)
    mqtt_set_client_id                       0x080046f9   Thumb Code    38  mqttclient.o(i.mqtt_set_client_id)
    mqtt_set_host                            0x0800478d   Thumb Code    38  mqttclient.o(i.mqtt_set_host)
    mqtt_set_password                        0x08004805   Thumb Code    38  mqttclient.o(i.mqtt_set_password)
    mqtt_set_port                            0x0800487d   Thumb Code    38  mqttclient.o(i.mqtt_set_port)
    mqtt_set_user_name                       0x08004941   Thumb Code    38  mqttclient.o(i.mqtt_set_user_name)
    mqtt_sleep_ms                            0x080049b9   Thumb Code    18  mqttclient.o(i.mqtt_sleep_ms)
    mqtt_subscribe                           0x08004a81   Thumb Code   178  mqttclient.o(i.mqtt_subscribe)
    nettype_tcp_connect                      0x08005155   Thumb Code    30  nettype_tcp.o(i.nettype_tcp_connect)
    nettype_tcp_disconnect                   0x08005173   Thumb Code    20  nettype_tcp.o(i.nettype_tcp_disconnect)
    nettype_tcp_read                         0x08005187   Thumb Code    28  nettype_tcp.o(i.nettype_tcp_read)
    nettype_tcp_write                        0x080051a3   Thumb Code    28  nettype_tcp.o(i.nettype_tcp_write)
    network_connect                          0x080051bf   Thumb Code    12  network.o(i.network_connect)
    network_disconnect                       0x080051cb   Thumb Code    12  network.o(i.network_disconnect)
    network_init                             0x080051d7   Thumb Code    26  network.o(i.network_init)
    network_read                             0x080051f1   Thumb Code    28  network.o(i.network_read)
    network_release                          0x0800520d   Thumb Code    26  network.o(i.network_release)
    network_write                            0x08005227   Thumb Code    28  network.o(i.network_write)
    osDelay                                  0x08005245   Thumb Code    50  cmsis_os2.o(i.osDelay)
    osKernelInitialize                       0x0800527d   Thumb Code    58  cmsis_os2.o(i.osKernelInitialize)
    osKernelStart                            0x080052bd   Thumb Code    64  cmsis_os2.o(i.osKernelStart)
    osThreadNew                              0x08005301   Thumb Code   216  cmsis_os2.o(i.osThreadNew)
    platform_memory_alloc                    0x080053dd   Thumb Code    26  platform_memory.o(i.platform_memory_alloc)
    platform_memory_free                     0x080053f7   Thumb Code    12  platform_memory.o(i.platform_memory_free)
    platform_mutex_init                      0x08005403   Thumb Code    32  platform_mutex.o(i.platform_mutex_init)
    platform_mutex_lock                      0x08005423   Thumb Code    16  platform_mutex.o(i.platform_mutex_lock)
    platform_mutex_lock_timeout              0x08005433   Thumb Code    16  platform_mutex.o(i.platform_mutex_lock_timeout)
    platform_mutex_unlock                    0x08005443   Thumb Code    18  platform_mutex.o(i.platform_mutex_unlock)
    platform_mutex_unlock_from_isr           0x08005455   Thumb Code    38  platform_mutex.o(i.platform_mutex_unlock_from_isr)
    platform_net_socket_close                0x08005485   Thumb Code    20  platform_net_socket.o(i.platform_net_socket_close)
    platform_net_socket_connect              0x080054a5   Thumb Code   154  platform_net_socket.o(i.platform_net_socket_connect)
    platform_net_socket_recv_timeout         0x080055f5   Thumb Code    44  platform_net_socket.o(i.platform_net_socket_recv_timeout)
    platform_net_socket_write_timeout        0x08005621   Thumb Code    90  platform_net_socket.o(i.platform_net_socket_write_timeout)
    platform_thread_destroy                  0x080056c1   Thumb Code    20  platform_thread.o(i.platform_thread_destroy)
    platform_thread_init                     0x080056d5   Thumb Code    64  platform_thread.o(i.platform_thread_init)
    platform_thread_start                    0x08005715   Thumb Code    12  platform_thread.o(i.platform_thread_start)
    platform_thread_startup                  0x08005721   Thumb Code     2  platform_thread.o(i.platform_thread_startup)
    platform_thread_stop                     0x08005723   Thumb Code    12  platform_thread.o(i.platform_thread_stop)
    platform_timer_cutdown                   0x0800572f   Thumb Code    20  platform_timer.o(i.platform_timer_cutdown)
    platform_timer_init                      0x08005743   Thumb Code     6  platform_timer.o(i.platform_timer_init)
    platform_timer_is_expired                0x08005749   Thumb Code    22  platform_timer.o(i.platform_timer_is_expired)
    platform_timer_now                       0x0800575f   Thumb Code     8  platform_timer.o(i.platform_timer_now)
    platform_timer_remain                    0x08005767   Thumb Code    26  platform_timer.o(i.platform_timer_remain)
    platform_timer_usleep                    0x08005781   Thumb Code    20  platform_timer.o(i.platform_timer_usleep)
    pvPortMalloc                             0x080061d5   Thumb Code   296  heap_4.o(i.pvPortMalloc)
    pvTaskIncrementMutexHeldCount            0x08006311   Thumb Code    26  tasks.o(i.pvTaskIncrementMutexHeldCount)
    pxPortInitialiseStack                    0x08006331   Thumb Code    30  port.o(i.pxPortInitialiseStack)
    random_number                            0x08006355   Thumb Code    50  random.o(i.random_number)
    random_string                            0x0800638d   Thumb Code   202  random.o(i.random_string)
    readChar                                 0x0800645d   Thumb Code    14  mqttpacket.o(i.readChar)
    readInt                                  0x0800646b   Thumb Code    26  mqttpacket.o(i.readInt)
    readMQTTLenString                        0x08006485   Thumb Code    58  mqttpacket.o(i.readMQTTLenString)
    ring_buffer_init                         0x080064bf   Thumb Code     8  ring_buffer.o(i.ring_buffer_init)
    ring_buffer_read                         0x080064c7   Thumb Code    40  ring_buffer.o(i.ring_buffer_read)
    ring_buffer_write                        0x080064ef   Thumb Code    28  ring_buffer.o(i.ring_buffer_write)
    uxListRemove                             0x0800659d   Thumb Code    40  list.o(i.uxListRemove)
    vApplicationGetIdleTaskMemory            0x080065c5   Thumb Code    14  cmsis_os2.o(i.vApplicationGetIdleTaskMemory)
    vApplicationGetTimerTaskMemory           0x080065dd   Thumb Code    16  cmsis_os2.o(i.vApplicationGetTimerTaskMemory)
    vListInitialise                          0x080065f5   Thumb Code    26  list.o(i.vListInitialise)
    vListInitialiseItem                      0x0800660f   Thumb Code     6  list.o(i.vListInitialiseItem)
    vListInsert                              0x08006615   Thumb Code    52  list.o(i.vListInsert)
    vListInsertEnd                           0x08006649   Thumb Code    24  list.o(i.vListInsertEnd)
    vPortEnterCritical                       0x08006661   Thumb Code    76  port.o(i.vPortEnterCritical)
    vPortExitCritical                        0x080066b5   Thumb Code    56  port.o(i.vPortExitCritical)
    vPortFree                                0x080066f1   Thumb Code   140  heap_4.o(i.vPortFree)
    vPortSetupTimerInterrupt                 0x08006785   Thumb Code    36  port.o(i.vPortSetupTimerInterrupt)
    vPortValidateInterruptPriority           0x080067ad   Thumb Code   106  port.o(i.vPortValidateInterruptPriority)
    vQueueAddToRegistry                      0x08006825   Thumb Code    38  queue.o(i.vQueueAddToRegistry)
    vQueueWaitForMessageRestricted           0x08006851   Thumb Code    74  queue.o(i.vQueueWaitForMessageRestricted)
    vTaskDelay                               0x0800689d   Thumb Code    82  tasks.o(i.vTaskDelay)
    vTaskDelete                              0x080068f9   Thumb Code   168  tasks.o(i.vTaskDelete)
    vTaskInternalSetTimeOutState             0x080069c1   Thumb Code    14  tasks.o(i.vTaskInternalSetTimeOutState)
    vTaskMissedYield                         0x080069d9   Thumb Code     8  tasks.o(i.vTaskMissedYield)
    vTaskPlaceOnEventList                    0x080069e5   Thumb Code    52  tasks.o(i.vTaskPlaceOnEventList)
    vTaskPlaceOnEventListRestricted          0x08006a1d   Thumb Code    60  tasks.o(i.vTaskPlaceOnEventListRestricted)
    vTaskPriorityDisinheritAfterTimeout      0x08006a5d   Thumb Code   194  tasks.o(i.vTaskPriorityDisinheritAfterTimeout)
    vTaskResume                              0x08006b2d   Thumb Code   126  tasks.o(i.vTaskResume)
    vTaskStartScheduler                      0x08006bbd   Thumb Code   156  tasks.o(i.vTaskStartScheduler)
    vTaskSuspend                             0x08006c75   Thumb Code   176  tasks.o(i.vTaskSuspend)
    vTaskSuspendAll                          0x08006d3d   Thumb Code    12  tasks.o(i.vTaskSuspendAll)
    vTaskSwitchContext                       0x08006d4d   Thumb Code   122  tasks.o(i.vTaskSwitchContext)
    writeCString                             0x08006ddd   Thumb Code    40  mqttpacket.o(i.writeCString)
    writeChar                                0x08006e05   Thumb Code    12  mqttpacket.o(i.writeChar)
    writeInt                                 0x08006e11   Thumb Code    48  mqttpacket.o(i.writeInt)
    writeMQTTString                          0x08006e41   Thumb Code    62  mqttpacket.o(i.writeMQTTString)
    xPortStartScheduler                      0x08006e81   Thumb Code   228  port.o(i.xPortStartScheduler)
    xQueueGenericCreate                      0x08006f79   Thumb Code    94  queue.o(i.xQueueGenericCreate)
    xQueueGenericCreateStatic                0x08006fd7   Thumb Code   222  queue.o(i.xQueueGenericCreateStatic)
    xQueueGenericReset                       0x080070b5   Thumb Code   146  queue.o(i.xQueueGenericReset)
    xQueueGenericSend                        0x0800714d   Thumb Code   420  queue.o(i.xQueueGenericSend)
    xQueueGenericSendFromISR                 0x080072f5   Thumb Code   248  queue.o(i.xQueueGenericSendFromISR)
    xQueueGiveFromISR                        0x080073ed   Thumb Code   224  queue.o(i.xQueueGiveFromISR)
    xQueueReceive                            0x080074cd   Thumb Code   356  queue.o(i.xQueueReceive)
    xQueueSemaphoreTake                      0x08007635   Thumb Code   434  queue.o(i.xQueueSemaphoreTake)
    xTaskCheckForTimeOut                     0x080077ed   Thumb Code   132  tasks.o(i.xTaskCheckForTimeOut)
    xTaskCreate                              0x08007879   Thumb Code   100  tasks.o(i.xTaskCreate)
    xTaskCreateStatic                        0x080078dd   Thumb Code   184  tasks.o(i.xTaskCreateStatic)
    xTaskGetSchedulerState                   0x08007995   Thumb Code    24  tasks.o(i.xTaskGetSchedulerState)
    xTaskGetTickCount                        0x080079b5   Thumb Code     6  tasks.o(i.xTaskGetTickCount)
    xTaskIncrementTick                       0x080079c1   Thumb Code   280  tasks.o(i.xTaskIncrementTick)
    xTaskPriorityDisinherit                  0x08007b05   Thumb Code   152  tasks.o(i.xTaskPriorityDisinherit)
    xTaskPriorityInherit                     0x08007ba9   Thumb Code   150  tasks.o(i.xTaskPriorityInherit)
    xTaskRemoveFromEventList                 0x08007c4d   Thumb Code   126  tasks.o(i.xTaskRemoveFromEventList)
    xTaskResumeAll                           0x08007ce5   Thumb Code   222  tasks.o(i.xTaskResumeAll)
    xTimerCreateTimerTask                    0x08007de9   Thumb Code   100  timers.o(i.xTimerCreateTimerTask)
    xTimerGenericCommand                     0x08007e61   Thumb Code   128  timers.o(i.xTimerGenericCommand)
    defaultTask_attributes                   0x08007ee4   Data          36  freertos.o(.constdata)
    AHBPrescTable                            0x08007f08   Data          16  system_stm32f1xx.o(.constdata)
    APBPrescTable                            0x08007f18   Data           8  system_stm32f1xx.o(.constdata)
    Region$$Table$$Base                      0x08008308   Number         0  anon$$obj.o(Region$$Table)
    Region$$Table$$Limit                     0x08008328   Number         0  anon$$obj.o(Region$$Table)
    defaultTaskHandle                        0x20000000   Data           4  freertos.o(.data)
    uwTick                                   0x20000004   Data           4  stm32f1xx_hal.o(.data)
    uwTickPrio                               0x20000008   Data           4  stm32f1xx_hal.o(.data)
    uwTickFreq                               0x2000000c   Data           1  stm32f1xx_hal.o(.data)
    SystemCoreClock                          0x20000010   Data           4  system_stm32f1xx.o(.data)
    pxCurrentTCB                             0x2000001c   Data           4  tasks.o(.data)
    __stdout                                 0x200000b4   Data           4  stdout.o(.data)
    test_buffer                              0x200000b8   Data        1032  main.o(.bss)
    huart1                                   0x200004c0   Data          68  usart.o(.bss)
    huart3                                   0x20000504   Data          68  usart.o(.bss)
    htim8                                    0x20000548   Data          72  stm32f1xx_hal_timebase_tim.o(.bss)
    xQueueRegistry                           0x20000590   Data          64  queue.o(.bss)
    __initial_sp                             0x20009ed8   Data           0  startup_stm32f103xe.o(STACK)



==============================================================================

Memory Map of the image

  Image Entry point : 0x08000131

  Load Region LR_IROM1 (Base: 0x08000000, Size: 0x000083e0, Max: 0x00080000, ABSOLUTE)

    Execution Region ER_IROM1 (Exec base: 0x08000000, Load base: 0x08000000, Size: 0x00008328, Max: 0x00080000, ABSOLUTE)

    Exec Addr    Load Addr    Size         Type   Attr      Idx    E Section Name        Object

    0x08000000   0x08000000   0x00000130   Data   RO            3    RESET               startup_stm32f103xe.o
    0x08000130   0x08000130   0x00000000   Code   RO         6400  * .ARM.Collect$$$$00000000  mc_w.l(entry.o)
    0x08000130   0x08000130   0x00000004   Code   RO         6685    .ARM.Collect$$$$00000001  mc_w.l(entry2.o)
    0x08000134   0x08000134   0x00000004   Code   RO         6688    .ARM.Collect$$$$00000004  mc_w.l(entry5.o)
    0x08000138   0x08000138   0x00000000   Code   RO         6690    .ARM.Collect$$$$00000008  mc_w.l(entry7b.o)
    0x08000138   0x08000138   0x00000000   Code   RO         6692    .ARM.Collect$$$$0000000A  mc_w.l(entry8b.o)
    0x08000138   0x08000138   0x00000008   Code   RO         6693    .ARM.Collect$$$$0000000B  mc_w.l(entry9a.o)
    0x08000140   0x08000140   0x00000004   Code   RO         6700    .ARM.Collect$$$$0000000E  mc_w.l(entry12b.o)
    0x08000144   0x08000144   0x00000000   Code   RO         6695    .ARM.Collect$$$$0000000F  mc_w.l(entry10a.o)
    0x08000144   0x08000144   0x00000000   Code   RO         6697    .ARM.Collect$$$$00000011  mc_w.l(entry11a.o)
    0x08000144   0x08000144   0x00000004   Code   RO         6686    .ARM.Collect$$$$00002712  mc_w.l(entry2.o)
    0x08000148   0x08000148   0x00000096   Code   RO         4832    .emb_text           port.o
    0x080001de   0x080001de   0x00000002   PAD
    0x080001e0   0x080001e0   0x00000024   Code   RO            4    .text               startup_stm32f103xe.o
    0x08000204   0x08000204   0x00000020   Code   RO         6403    .text               mc_w.l(llushr.o)
    0x08000224   0x08000224   0x00000024   Code   RO         6405    .text               mc_w.l(rand.o)
    0x08000248   0x08000248   0x00000024   Code   RO         6408    .text               mc_w.l(memcpya.o)
    0x0800026c   0x0800026c   0x00000024   Code   RO         6412    .text               mc_w.l(memseta.o)
    0x08000290   0x08000290   0x00000024   Code   RO         6414    .text               mc_w.l(strstr.o)
    0x080002b4   0x080002b4   0x0000000e   Code   RO         6416    .text               mc_w.l(strlen.o)
    0x080002c2   0x080002c2   0x0000001e   Code   RO         6420    .text               mc_w.l(strncmp.o)
    0x080002e0   0x080002e0   0x00000062   Code   RO         6704    .text               mc_w.l(uldiv.o)
    0x08000342   0x08000342   0x00000002   PAD
    0x08000344   0x08000344   0x00000024   Code   RO         6717    .text               mc_w.l(init.o)
    0x08000368   0x08000368   0x0000001e   Code   RO         6719    .text               mc_w.l(llshl.o)
    0x08000386   0x08000386   0x00000002   PAD
    0x08000388   0x08000388   0x00000030   Code   RO         6228    i.ATInit            at_command.o
    0x080003b8   0x080003b8   0x00000038   Code   RO         6229    i.ATReadData        at_command.o
    0x080003f0   0x080003f0   0x000000a4   Code   RO         6230    i.ATRecvParser      at_command.o
    0x08000494   0x08000494   0x0000006c   Code   RO         6231    i.ATSendCmd         at_command.o
    0x08000500   0x08000500   0x00000034   Code   RO         6232    i.ATSendData        at_command.o
    0x08000534   0x08000534   0x00000004   Code   RO          526    i.BusFault_Handler  stm32f1xx_it.o
    0x08000538   0x08000538   0x00000002   Code   RO          527    i.DebugMon_Handler  stm32f1xx_it.o
    0x0800053a   0x0800053a   0x00000014   Code   RO         3194    i.EXTI15_10_IRQHandler  driver_key.o
    0x0800054e   0x0800054e   0x00000002   PAD
    0x08000550   0x08000550   0x00000028   Code   RO         3084    i.EnableDebugIRQ    driver_usart.o
    0x08000578   0x08000578   0x00000038   Code   RO         3085    i.EnableUART3IRQ    driver_usart.o
    0x080005b0   0x080005b0   0x00000006   Code   RO           13    i.Error_Handler     main.o
    0x080005b6   0x080005b6   0x00000002   PAD
    0x080005b8   0x080005b8   0x0000000c   Code   RO         6233    i.GetATStatus       at_command.o
    0x080005c4   0x080005c4   0x00000020   Code   RO         6234    i.GetSpecialATString  at_command.o
    0x080005e4   0x080005e4   0x00000010   Code   RO         6320    i.HAL_AT_Secv       at_uart_hal.o
    0x080005f4   0x080005f4   0x00000010   Code   RO         6321    i.HAL_AT_Send       at_uart_hal.o
    0x08000604   0x08000604   0x00000056   Code   RO         1073    i.HAL_DMA_Abort     stm32f1xx_hal_dma.o
    0x0800065a   0x0800065a   0x00000002   PAD
    0x0800065c   0x0800065c   0x000001a8   Code   RO         1074    i.HAL_DMA_Abort_IT  stm32f1xx_hal_dma.o
    0x08000804   0x08000804   0x0000003c   Code   RO         3195    i.HAL_GPIO_EXTI_Callback  driver_key.o
    0x08000840   0x08000840   0x0000001c   Code   RO         1008    i.HAL_GPIO_EXTI_IRQHandler  stm32f1xx_hal_gpio.o
    0x0800085c   0x0800085c   0x00000340   Code   RO         1009    i.HAL_GPIO_Init     stm32f1xx_hal_gpio.o
    0x08000b9c   0x08000b9c   0x00000010   Code   RO         1011    i.HAL_GPIO_ReadPin  stm32f1xx_hal_gpio.o
    0x08000bac   0x08000bac   0x0000000c   Code   RO         1013    i.HAL_GPIO_WritePin  stm32f1xx_hal_gpio.o
    0x08000bb8   0x08000bb8   0x0000000c   Code   RO          700    i.HAL_GetTick       stm32f1xx_hal.o
    0x08000bc4   0x08000bc4   0x00000018   Code   RO          706    i.HAL_IncTick       stm32f1xx_hal.o
    0x08000bdc   0x08000bdc   0x00000028   Code   RO          707    i.HAL_Init          stm32f1xx_hal.o
    0x08000c04   0x08000c04   0x00000088   Code   RO          614    i.HAL_InitTick      stm32f1xx_hal_timebase_tim.o
    0x08000c8c   0x08000c8c   0x00000060   Code   RO          590    i.HAL_MspInit       stm32f1xx_hal_msp.o
    0x08000cec   0x08000cec   0x00000020   Code   RO         1169    i.HAL_NVIC_EnableIRQ  stm32f1xx_hal_cortex.o
    0x08000d0c   0x08000d0c   0x0000007c   Code   RO         1175    i.HAL_NVIC_SetPriority  stm32f1xx_hal_cortex.o
    0x08000d88   0x08000d88   0x00000028   Code   RO         1176    i.HAL_NVIC_SetPriorityGrouping  stm32f1xx_hal_cortex.o
    0x08000db0   0x08000db0   0x0000018c   Code   RO          864    i.HAL_RCC_ClockConfig  stm32f1xx_hal_rcc.o
    0x08000f3c   0x08000f3c   0x00000044   Code   RO          868    i.HAL_RCC_GetClockConfig  stm32f1xx_hal_rcc.o
    0x08000f80   0x08000f80   0x0000000c   Code   RO          869    i.HAL_RCC_GetHCLKFreq  stm32f1xx_hal_rcc.o
    0x08000f8c   0x08000f8c   0x00000020   Code   RO          871    i.HAL_RCC_GetPCLK1Freq  stm32f1xx_hal_rcc.o
    0x08000fac   0x08000fac   0x00000020   Code   RO          872    i.HAL_RCC_GetPCLK2Freq  stm32f1xx_hal_rcc.o
    0x08000fcc   0x08000fcc   0x00000094   Code   RO          873    i.HAL_RCC_GetSysClockFreq  stm32f1xx_hal_rcc.o
    0x08001060   0x08001060   0x00000464   Code   RO          876    i.HAL_RCC_OscConfig  stm32f1xx_hal_rcc.o
    0x080014c4   0x080014c4   0x00000002   Code   RO         2412    i.HAL_TIMEx_BreakCallback  stm32f1xx_hal_tim_ex.o
    0x080014c6   0x080014c6   0x00000002   Code   RO         2413    i.HAL_TIMEx_CommutCallback  stm32f1xx_hal_tim_ex.o
    0x080014c8   0x080014c8   0x00000066   Code   RO         1697    i.HAL_TIM_Base_Init  stm32f1xx_hal_tim.o
    0x0800152e   0x0800152e   0x00000002   Code   RO         1699    i.HAL_TIM_Base_MspInit  stm32f1xx_hal_tim.o
    0x08001530   0x08001530   0x00000090   Code   RO         1702    i.HAL_TIM_Base_Start_IT  stm32f1xx_hal_tim.o
    0x080015c0   0x080015c0   0x00000002   Code   RO         1731    i.HAL_TIM_IC_CaptureCallback  stm32f1xx_hal_tim.o
    0x080015c2   0x080015c2   0x00000196   Code   RO         1745    i.HAL_TIM_IRQHandler  stm32f1xx_hal_tim.o
    0x08001758   0x08001758   0x00000002   Code   RO         1748    i.HAL_TIM_OC_DelayElapsedCallback  stm32f1xx_hal_tim.o
    0x0800175a   0x0800175a   0x00000002   Code   RO         1775    i.HAL_TIM_PWM_PulseFinishedCallback  stm32f1xx_hal_tim.o
    0x0800175c   0x0800175c   0x00000018   Code   RO           14    i.HAL_TIM_PeriodElapsedCallback  main.o
    0x08001774   0x08001774   0x00000002   Code   RO         1788    i.HAL_TIM_TriggerCallback  stm32f1xx_hal_tim.o
    0x08001776   0x08001776   0x00000002   Code   RO         2690    i.HAL_UARTEx_RxEventCallback  stm32f1xx_hal_uart.o
    0x08001778   0x08001778   0x00000002   Code   RO         2704    i.HAL_UART_ErrorCallback  stm32f1xx_hal_uart.o
    0x0800177a   0x0800177a   0x00000002   PAD
    0x0800177c   0x0800177c   0x0000024c   Code   RO         2707    i.HAL_UART_IRQHandler  stm32f1xx_hal_uart.o
    0x080019c8   0x080019c8   0x00000072   Code   RO         2708    i.HAL_UART_Init     stm32f1xx_hal_uart.o
    0x08001a3a   0x08001a3a   0x00000002   PAD
    0x08001a3c   0x08001a3c   0x00000124   Code   RO          394    i.HAL_UART_MspInit  usart.o
    0x08001b60   0x08001b60   0x00000018   Code   RO         3086    i.HAL_UART_RxCpltCallback  driver_usart.o
    0x08001b78   0x08001b78   0x00000058   Code   RO         2718    i.HAL_UART_Transmit_IT  stm32f1xx_hal_uart.o
    0x08001bd0   0x08001bd0   0x00000018   Code   RO         3087    i.HAL_UART_TxCpltCallback  driver_usart.o
    0x08001be8   0x08001be8   0x00000004   Code   RO          528    i.HardFault_Handler  stm32f1xx_it.o
    0x08001bec   0x08001bec   0x00000088   Code   RO         3198    i.KEY_GPIO_ReInit   driver_key.o
    0x08001c74   0x08001c74   0x0000006c   Code   RO         5119    i.MQTTDeserialize_ack  mqttdeserializepublish.o
    0x08001ce0   0x08001ce0   0x00000076   Code   RO         5025    i.MQTTDeserialize_connack  mqttconnectclient.o
    0x08001d56   0x08001d56   0x000000a8   Code   RO         5120    i.MQTTDeserialize_publish  mqttdeserializepublish.o
    0x08001dfe   0x08001dfe   0x00000092   Code   RO         5352    i.MQTTDeserialize_suback  mqttsubscribeclient.o
    0x08001e90   0x08001e90   0x0000002e   Code   RO         5394    i.MQTTDeserialize_unsuback  mqttunsubscribeclient.o
    0x08001ebe   0x08001ebe   0x00000058   Code   RO         5195    i.MQTTPacket_decode  mqttpacket.o
    0x08001f16   0x08001f16   0x00000002   PAD
    0x08001f18   0x08001f18   0x0000001c   Code   RO         5196    i.MQTTPacket_decodeBuf  mqttpacket.o
    0x08001f34   0x08001f34   0x00000036   Code   RO         5198    i.MQTTPacket_encode  mqttpacket.o
    0x08001f6a   0x08001f6a   0x00000042   Code   RO         5199    i.MQTTPacket_equals  mqttpacket.o
    0x08001fac   0x08001fac   0x00000028   Code   RO         5200    i.MQTTPacket_len    mqttpacket.o
    0x08001fd4   0x08001fd4   0x00000072   Code   RO         5310    i.MQTTSerialize_ack  mqttserializepublish.o
    0x08002046   0x08002046   0x00000002   PAD
    0x08002048   0x08002048   0x00000168   Code   RO         5026    i.MQTTSerialize_connect  mqttconnectclient.o
    0x080021b0   0x080021b0   0x00000076   Code   RO         5027    i.MQTTSerialize_connectLength  mqttconnectclient.o
    0x08002226   0x08002226   0x00000012   Code   RO         5029    i.MQTTSerialize_pingreq  mqttconnectclient.o
    0x08002238   0x08002238   0x000000b0   Code   RO         5313    i.MQTTSerialize_publish  mqttserializepublish.o
    0x080022e8   0x080022e8   0x00000022   Code   RO         5314    i.MQTTSerialize_publishLength  mqttserializepublish.o
    0x0800230a   0x0800230a   0x000000b0   Code   RO         5353    i.MQTTSerialize_subscribe  mqttsubscribeclient.o
    0x080023ba   0x080023ba   0x0000002e   Code   RO         5354    i.MQTTSerialize_subscribeLength  mqttsubscribeclient.o
    0x080023e8   0x080023e8   0x0000004c   Code   RO         5030    i.MQTTSerialize_zero  mqttconnectclient.o
    0x08002434   0x08002434   0x00000198   Code   RO         6235    i.MQTT_Client_Task  at_command.o
    0x080025cc   0x080025cc   0x00000018   Code   RO         5203    i.MQTTstrlen        mqttpacket.o
    0x080025e4   0x080025e4   0x0000003c   Code   RO          236    i.MX_FREERTOS_Init  freertos.o
    0x08002620   0x08002620   0x00000120   Code   RO          208    i.MX_GPIO_Init      gpio.o
    0x08002740   0x08002740   0x00000038   Code   RO          395    i.MX_USART1_UART_Init  usart.o
    0x08002778   0x08002778   0x00000038   Code   RO          396    i.MX_USART3_UART_Init  usart.o
    0x080027b0   0x080027b0   0x00000004   Code   RO          529    i.MemManage_Handler  stm32f1xx_it.o
    0x080027b4   0x080027b4   0x00000004   Code   RO          530    i.NMI_Handler       stm32f1xx_it.o
    0x080027b8   0x080027b8   0x00000060   Code   RO         6236    i.ProcessSpecialATString  at_command.o
    0x08002818   0x08002818   0x00000028   Code   RO          877    i.RCC_Delay         stm32f1xx_hal_rcc.o
    0x08002840   0x08002840   0x0000000c   Code   RO         6237    i.SetATStatus       at_command.o
    0x0800284c   0x0800284c   0x00000024   Code   RO          237    i.StartDefaultTask  freertos.o
    0x08002870   0x08002870   0x00000034   Code   RO         4833    i.SysTick_Handler   port.o
    0x080028a4   0x080028a4   0x00000066   Code   RO           15    i.SystemClock_Config  main.o
    0x0800290a   0x0800290a   0x00000002   Code   RO         3047    i.SystemInit        system_stm32f1xx.o
    0x0800290c   0x0800290c   0x00000010   Code   RO          531    i.TIM8_UP_IRQHandler  stm32f1xx_it.o
    0x0800291c   0x0800291c   0x0000009c   Code   RO         1790    i.TIM_Base_SetConfig  stm32f1xx_hal_tim.o
    0x080029b8   0x080029b8   0x00000020   Code   RO         6344    i.UART3_Lock_Init   stm32_uart3.o
    0x080029d8   0x080029d8   0x00000014   Code   RO         2721    i.UART_DMAAbortOnError  stm32f1xx_hal_uart.o
    0x080029ec   0x080029ec   0x00000036   Code   RO         2731    i.UART_EndRxTransfer  stm32f1xx_hal_uart.o
    0x08002a22   0x08002a22   0x00000020   Code   RO         2732    i.UART_EndTransmit_IT  stm32f1xx_hal_uart.o
    0x08002a42   0x08002a42   0x000000e4   Code   RO         2734    i.UART_Receive_IT   stm32f1xx_hal_uart.o
    0x08002b26   0x08002b26   0x00000002   PAD
    0x08002b28   0x08002b28   0x000000fc   Code   RO         2735    i.UART_SetConfig    stm32f1xx_hal_uart.o
    0x08002c24   0x08002c24   0x00000060   Code   RO         2738    i.UART_Transmit_IT  stm32f1xx_hal_uart.o
    0x08002c84   0x08002c84   0x00000034   Code   RO         3088    i.USART1_IRQHandler  driver_usart.o
    0x08002cb8   0x08002cb8   0x00000044   Code   RO         6345    i.USART3_IRQHandler  stm32_uart3.o
    0x08002cfc   0x08002cfc   0x00000028   Code   RO         6346    i.USART3_Read       stm32_uart3.o
    0x08002d24   0x08002d24   0x0000002c   Code   RO         6347    i.USART3_Write      stm32_uart3.o
    0x08002d50   0x08002d50   0x00000004   Code   RO          532    i.UsageFault_Handler  stm32f1xx_it.o
    0x08002d54   0x08002d54   0x00000020   Code   RO         6631    i.__0printf$8       mc_w.l(printf8.o)
    0x08002d74   0x08002d74   0x00000028   Code   RO         6633    i.__0sprintf$8      mc_w.l(printf8.o)
    0x08002d9c   0x08002d9c   0x00000010   Code   RO         1182    i.__NVIC_GetPriorityGrouping  stm32f1xx_hal_cortex.o
    0x08002dac   0x08002dac   0x00000028   Code   RO         1183    i.__NVIC_SetPriority  stm32f1xx_hal_cortex.o
    0x08002dd4   0x08002dd4   0x00000006   Code   RO         4347    i.__get_BASEPRI     cmsis_os2.o
    0x08002dda   0x08002dda   0x00000006   Code   RO         4348    i.__get_IPSR        cmsis_os2.o
    0x08002de0   0x08002de0   0x00000006   Code   RO         4349    i.__get_PRIMASK     cmsis_os2.o
    0x08002de6   0x08002de6   0x0000000e   Code   RO         6727    i.__scatterload_copy  mc_w.l(handlers.o)
    0x08002df4   0x08002df4   0x00000002   Code   RO         6728    i.__scatterload_null  mc_w.l(handlers.o)
    0x08002df6   0x08002df6   0x0000000e   Code   RO         6729    i.__scatterload_zeroinit  mc_w.l(handlers.o)
    0x08002e04   0x08002e04   0x0000000a   Code   RO         4909    i._mqtt_list_add    mqtt_list.o
    0x08002e0e   0x08002e0e   0x00000006   Code   RO         4910    i._mqtt_list_del    mqtt_list.o
    0x08002e14   0x08002e14   0x0000000e   Code   RO         4911    i._mqtt_list_del_entry  mqtt_list.o
    0x08002e22   0x08002e22   0x00000002   PAD
    0x08002e24   0x08002e24   0x00000404   Code   RO         6638    i._printf_core      mc_w.l(printf8.o)
    0x08003228   0x08003228   0x00000024   Code   RO         6639    i._printf_post_padding  mc_w.l(printf8.o)
    0x0800324c   0x0800324c   0x0000002e   Code   RO         6640    i._printf_pre_padding  mc_w.l(printf8.o)
    0x0800327a   0x0800327a   0x0000000a   Code   RO         6642    i._sputc            mc_w.l(printf8.o)
    0x08003284   0x08003284   0x00000028   Code   RO         5204    i.bufchar           mqttpacket.o
    0x080032ac   0x080032ac   0x00000088   Code   RO         5436    i.default_msg_handler  mqttclient.o
    0x08003334   0x08003334   0x00000010   Code   RO         4981    i.do_random         random.o
    0x08003344   0x08003344   0x0000002c   Code   RO         3090    i.fputc             driver_usart.o
    0x08003370   0x08003370   0x00000068   Code   RO           16    i.main              main.o
    0x080033d8   0x080033d8   0x0000005c   Code   RO         5437    i.mqtt_ack_handler_create  mqttclient.o
    0x08003434   0x08003434   0x00000014   Code   RO         5438    i.mqtt_ack_handler_destroy  mqttclient.o
    0x08003448   0x08003448   0x00000014   Code   RO         5439    i.mqtt_ack_handler_is_maximum  mqttclient.o
    0x0800345c   0x0800345c   0x000000c4   Code   RO         5440    i.mqtt_ack_handler_resend  mqttclient.o
    0x08003520   0x08003520   0x00000042   Code   RO         5441    i.mqtt_ack_list_node_is_exist  mqttclient.o
    0x08003562   0x08003562   0x00000058   Code   RO         5442    i.mqtt_ack_list_record  mqttclient.o
    0x080035ba   0x080035ba   0x00000094   Code   RO         5443    i.mqtt_ack_list_scan  mqttclient.o
    0x0800364e   0x0800364e   0x0000005a   Code   RO         5444    i.mqtt_ack_list_unrecord  mqttclient.o
    0x080036a8   0x080036a8   0x00000024   Code   RO         5445    i.mqtt_add_ack_handler_num  mqttclient.o
    0x080036cc   0x080036cc   0x0000008a   Code   RO         5446    i.mqtt_clean_session  mqttclient.o
    0x08003756   0x08003756   0x0000000c   Code   RO         5447    i.mqtt_connect      mqttclient.o
    0x08003762   0x08003762   0x00000002   PAD
    0x08003764   0x08003764   0x0000026c   Code   RO         5448    i.mqtt_connect_with_results  mqttclient.o
    0x080039d0   0x080039d0   0x00000068   Code   RO         5449    i.mqtt_decode_packet  mqttclient.o
    0x08003a38   0x08003a38   0x00000070   Code   RO         5450    i.mqtt_deliver_message  mqttclient.o
    0x08003aa8   0x08003aa8   0x00000008   Code   RO         5452    i.mqtt_get_client_state  mqttclient.o
    0x08003ab0   0x08003ab0   0x00000042   Code   RO         5453    i.mqtt_get_msg_handler  mqttclient.o
    0x08003af2   0x08003af2   0x0000002c   Code   RO         5454    i.mqtt_get_next_packet_id  mqttclient.o
    0x08003b1e   0x08003b1e   0x00000002   PAD
    0x08003b20   0x08003b20   0x00000128   Code   RO         5455    i.mqtt_init         mqttclient.o
    0x08003c48   0x08003c48   0x00000024   Code   RO         5456    i.mqtt_is_connected  mqttclient.o
    0x08003c6c   0x08003c6c   0x00000032   Code   RO         5457    i.mqtt_is_topic_equals  mqttclient.o
    0x08003c9e   0x08003c9e   0x00000002   PAD
    0x08003ca0   0x08003ca0   0x000000dc   Code   RO         5458    i.mqtt_keep_alive   mqttclient.o
    0x08003d7c   0x08003d7c   0x0000002a   Code   RO         5459    i.mqtt_lease        mqttclient.o
    0x08003da6   0x08003da6   0x00000012   Code   RO         4913    i.mqtt_list_add_tail  mqtt_list.o
    0x08003db8   0x08003db8   0x0000000e   Code   RO         4914    i.mqtt_list_del     mqtt_list.o
    0x08003dc6   0x08003dc6   0x00000012   Code   RO         4915    i.mqtt_list_del_init  mqtt_list.o
    0x08003dd8   0x08003dd8   0x00000006   Code   RO         4916    i.mqtt_list_init    mqtt_list.o
    0x08003dde   0x08003dde   0x00000010   Code   RO         4917    i.mqtt_list_is_empty  mqtt_list.o
    0x08003dee   0x08003dee   0x0000002c   Code   RO         5461    i.mqtt_msg_handler_create  mqttclient.o
    0x08003e1a   0x08003e1a   0x00000014   Code   RO         5462    i.mqtt_msg_handler_destory  mqttclient.o
    0x08003e2e   0x08003e2e   0x00000002   PAD
    0x08003e30   0x08003e30   0x00000098   Code   RO         5463    i.mqtt_msg_handler_is_exist  mqttclient.o
    0x08003ec8   0x08003ec8   0x00000032   Code   RO         5464    i.mqtt_msg_handlers_install  mqttclient.o
    0x08003efa   0x08003efa   0x0000002c   Code   RO         5465    i.mqtt_new_message_data  mqttclient.o
    0x08003f26   0x08003f26   0x00000058   Code   RO         5466    i.mqtt_packet_drain  mqttclient.o
    0x08003f7e   0x08003f7e   0x00000002   PAD
    0x08003f80   0x08003f80   0x000000b0   Code   RO         5467    i.mqtt_packet_handle  mqttclient.o
    0x08004030   0x08004030   0x00000048   Code   RO         5468    i.mqtt_puback_and_pubcomp_packet_handle  mqttclient.o
    0x08004078   0x08004078   0x000001e4   Code   RO         5469    i.mqtt_publish      mqttclient.o
    0x0800425c   0x0800425c   0x0000009a   Code   RO         5470    i.mqtt_publish_ack_packet  mqttclient.o
    0x080042f6   0x080042f6   0x000000fa   Code   RO         5471    i.mqtt_publish_packet_handle  mqttclient.o
    0x080043f0   0x080043f0   0x0000005a   Code   RO         5472    i.mqtt_pubrec_and_pubrel_packet_handle  mqttclient.o
    0x0800444a   0x0800444a   0x00000002   PAD
    0x0800444c   0x0800444c   0x000000e4   Code   RO         5473    i.mqtt_read_buf_malloc  mqttclient.o
    0x08004530   0x08004530   0x000000d0   Code   RO         5474    i.mqtt_read_packet  mqttclient.o
    0x08004600   0x08004600   0x00000074   Code   RO         5476    i.mqtt_send_packet  mqttclient.o
    0x08004674   0x08004674   0x00000084   Code   RO         5478    i.mqtt_set_clean_session  mqttclient.o
    0x080046f8   0x080046f8   0x00000078   Code   RO         5479    i.mqtt_set_client_id  mqttclient.o
    0x08004770   0x08004770   0x0000001c   Code   RO         5480    i.mqtt_set_client_state  mqttclient.o
    0x0800478c   0x0800478c   0x00000078   Code   RO         5482    i.mqtt_set_host     mqttclient.o
    0x08004804   0x08004804   0x00000078   Code   RO         5485    i.mqtt_set_password  mqttclient.o
    0x0800487c   0x0800487c   0x00000078   Code   RO         5486    i.mqtt_set_port     mqttclient.o
    0x080048f4   0x080048f4   0x0000004c   Code   RO         5487    i.mqtt_set_publish_dup  mqttclient.o
    0x08004940   0x08004940   0x00000078   Code   RO         5492    i.mqtt_set_user_name  mqttclient.o
    0x080049b8   0x080049b8   0x00000012   Code   RO         5497    i.mqtt_sleep_ms     mqttclient.o
    0x080049ca   0x080049ca   0x00000002   PAD
    0x080049cc   0x080049cc   0x000000b4   Code   RO         5498    i.mqtt_suback_packet_handle  mqttclient.o
    0x08004a80   0x08004a80   0x000000b8   Code   RO         5499    i.mqtt_subscribe    mqttclient.o
    0x08004b38   0x08004b38   0x00000034   Code   RO         5500    i.mqtt_subtract_ack_handler_num  mqttclient.o
    0x08004b6c   0x08004b6c   0x00000076   Code   RO         5501    i.mqtt_topic_is_matched  mqttclient.o
    0x08004be2   0x08004be2   0x00000002   PAD
    0x08004be4   0x08004be4   0x000000ac   Code   RO         5502    i.mqtt_try_do_reconnect  mqttclient.o
    0x08004c90   0x08004c90   0x0000002c   Code   RO         5503    i.mqtt_try_reconnect  mqttclient.o
    0x08004cbc   0x08004cbc   0x000000f4   Code   RO         5504    i.mqtt_try_resubscribe  mqttclient.o
    0x08004db0   0x08004db0   0x00000054   Code   RO         5505    i.mqtt_unsuback_packet_handle  mqttclient.o
    0x08004e04   0x08004e04   0x00000034   Code   RO         5507    i.mqtt_wait_packet  mqttclient.o
    0x08004e38   0x08004e38   0x000000e8   Code   RO         5508    i.mqtt_write_buf_malloc  mqttclient.o
    0x08004f20   0x08004f20   0x000000e4   Code   RO         5509    i.mqtt_yield        mqttclient.o
    0x08005004   0x08005004   0x00000150   Code   RO         5510    i.mqtt_yield_thread  mqttclient.o
    0x08005154   0x08005154   0x0000001e   Code   RO         5916    i.nettype_tcp_connect  nettype_tcp.o
    0x08005172   0x08005172   0x00000014   Code   RO         5917    i.nettype_tcp_disconnect  nettype_tcp.o
    0x08005186   0x08005186   0x0000001c   Code   RO         5918    i.nettype_tcp_read  nettype_tcp.o
    0x080051a2   0x080051a2   0x0000001c   Code   RO         5919    i.nettype_tcp_write  nettype_tcp.o
    0x080051be   0x080051be   0x0000000c   Code   RO         5964    i.network_connect   network.o
    0x080051ca   0x080051ca   0x0000000c   Code   RO         5965    i.network_disconnect  network.o
    0x080051d6   0x080051d6   0x0000001a   Code   RO         5966    i.network_init      network.o
    0x080051f0   0x080051f0   0x0000001c   Code   RO         5967    i.network_read      network.o
    0x0800520c   0x0800520c   0x0000001a   Code   RO         5968    i.network_release   network.o
    0x08005226   0x08005226   0x0000001c   Code   RO         5972    i.network_write     network.o
    0x08005242   0x08005242   0x00000002   PAD
    0x08005244   0x08005244   0x00000038   Code   RO         4350    i.osDelay           cmsis_os2.o
    0x0800527c   0x0800527c   0x00000040   Code   RO         4364    i.osKernelInitialize  cmsis_os2.o
    0x080052bc   0x080052bc   0x00000044   Code   RO         4367    i.osKernelStart     cmsis_os2.o
    0x08005300   0x08005300   0x000000dc   Code   RO         4401    i.osThreadNew       cmsis_os2.o
    0x080053dc   0x080053dc   0x0000001a   Code   RO         6036    i.platform_memory_alloc  platform_memory.o
    0x080053f6   0x080053f6   0x0000000c   Code   RO         6038    i.platform_memory_free  platform_memory.o
    0x08005402   0x08005402   0x00000020   Code   RO         6061    i.platform_mutex_init  platform_mutex.o
    0x08005422   0x08005422   0x00000010   Code   RO         6062    i.platform_mutex_lock  platform_mutex.o
    0x08005432   0x08005432   0x00000010   Code   RO         6063    i.platform_mutex_lock_timeout  platform_mutex.o
    0x08005442   0x08005442   0x00000012   Code   RO         6065    i.platform_mutex_unlock  platform_mutex.o
    0x08005454   0x08005454   0x00000030   Code   RO         6066    i.platform_mutex_unlock_from_isr  platform_mutex.o
    0x08005484   0x08005484   0x00000020   Code   RO         6109    i.platform_net_socket_close  platform_net_socket.o
    0x080054a4   0x080054a4   0x00000150   Code   RO         6110    i.platform_net_socket_connect  platform_net_socket.o
    0x080055f4   0x080055f4   0x0000002c   Code   RO         6111    i.platform_net_socket_recv_timeout  platform_net_socket.o
    0x08005620   0x08005620   0x000000a0   Code   RO         6112    i.platform_net_socket_write_timeout  platform_net_socket.o
    0x080056c0   0x080056c0   0x00000014   Code   RO         6142    i.platform_thread_destroy  platform_thread.o
    0x080056d4   0x080056d4   0x00000040   Code   RO         6143    i.platform_thread_init  platform_thread.o
    0x08005714   0x08005714   0x0000000c   Code   RO         6144    i.platform_thread_start  platform_thread.o
    0x08005720   0x08005720   0x00000002   Code   RO         6145    i.platform_thread_startup  platform_thread.o
    0x08005722   0x08005722   0x0000000c   Code   RO         6146    i.platform_thread_stop  platform_thread.o
    0x0800572e   0x0800572e   0x00000014   Code   RO         6178    i.platform_timer_cutdown  platform_timer.o
    0x08005742   0x08005742   0x00000006   Code   RO         6179    i.platform_timer_init  platform_timer.o
    0x08005748   0x08005748   0x00000016   Code   RO         6180    i.platform_timer_is_expired  platform_timer.o
    0x0800575e   0x0800575e   0x00000008   Code   RO         6181    i.platform_timer_now  platform_timer.o
    0x08005766   0x08005766   0x0000001a   Code   RO         6182    i.platform_timer_remain  platform_timer.o
    0x08005780   0x08005780   0x00000014   Code   RO         6183    i.platform_timer_usleep  platform_timer.o
    0x08005794   0x08005794   0x00000008   Code   RO         6184    i.platform_uptime_ms  platform_timer.o
    0x0800579c   0x0800579c   0x0000007c   Code   RO         3822    i.prvAddCurrentTaskToDelayedList  tasks.o
    0x08005818   0x08005818   0x000000b8   Code   RO         3823    i.prvAddNewTaskToReadyList  tasks.o
    0x080058d0   0x080058d0   0x00000074   Code   RO         4183    i.prvCheckForValidListAndQueue  timers.o
    0x08005944   0x08005944   0x00000048   Code   RO         3824    i.prvCheckTasksWaitingTermination  tasks.o
    0x0800598c   0x0800598c   0x0000002a   Code   RO         3415    i.prvCopyDataFromQueue  queue.o
    0x080059b6   0x080059b6   0x0000007c   Code   RO         3416    i.prvCopyDataToQueue  queue.o
    0x08005a32   0x08005a32   0x00000050   Code   RO         3825    i.prvDeleteTCB      tasks.o
    0x08005a82   0x08005a82   0x00000014   Code   RO         3417    i.prvGetDisinheritPriorityAfterTimeout  queue.o
    0x08005a96   0x08005a96   0x00000002   PAD
    0x08005a98   0x08005a98   0x00000028   Code   RO         4184    i.prvGetNextExpireTime  timers.o
    0x08005ac0   0x08005ac0   0x0000007c   Code   RO         4783    i.prvHeapInit       heap_4.o
    0x08005b3c   0x08005b3c   0x00000028   Code   RO         3826    i.prvIdleTask       tasks.o
    0x08005b64   0x08005b64   0x0000002a   Code   RO         3419    i.prvInitialiseNewQueue  queue.o
    0x08005b8e   0x08005b8e   0x000000b4   Code   RO         3827    i.prvInitialiseNewTask  tasks.o
    0x08005c42   0x08005c42   0x00000002   PAD
    0x08005c44   0x08005c44   0x00000068   Code   RO         3828    i.prvInitialiseTaskLists  tasks.o
    0x08005cac   0x08005cac   0x00000068   Code   RO         4784    i.prvInsertBlockIntoFreeList  heap_4.o
    0x08005d14   0x08005d14   0x00000058   Code   RO         4186    i.prvInsertTimerInActiveList  timers.o
    0x08005d6c   0x08005d6c   0x0000001a   Code   RO         3420    i.prvIsQueueEmpty   queue.o
    0x08005d86   0x08005d86   0x0000001e   Code   RO         3421    i.prvIsQueueFull    queue.o
    0x08005da4   0x08005da4   0x00000064   Code   RO         4187    i.prvProcessExpiredTimer  timers.o
    0x08005e08   0x08005e08   0x00000128   Code   RO         4188    i.prvProcessReceivedCommands  timers.o
    0x08005f30   0x08005f30   0x00000074   Code   RO         4189    i.prvProcessTimerOrBlockTask  timers.o
    0x08005fa4   0x08005fa4   0x00000034   Code   RO         3830    i.prvResetNextTaskUnblockTime  tasks.o
    0x08005fd8   0x08005fd8   0x0000002c   Code   RO         4190    i.prvSampleTimeNow  timers.o
    0x08006004   0x08006004   0x000000a0   Code   RO         4191    i.prvSwitchTimerLists  timers.o
    0x080060a4   0x080060a4   0x00000040   Code   RO         4834    i.prvTaskExitError  port.o
    0x080060e4   0x080060e4   0x00000058   Code   RO         3832    i.prvTaskIsTaskSuspended  tasks.o
    0x0800613c   0x0800613c   0x0000001a   Code   RO         4192    i.prvTimerTask      timers.o
    0x08006156   0x08006156   0x0000007e   Code   RO         3422    i.prvUnlockQueue    queue.o
    0x080061d4   0x080061d4   0x0000013c   Code   RO         4785    i.pvPortMalloc      heap_4.o
    0x08006310   0x08006310   0x00000020   Code   RO         3833    i.pvTaskIncrementMutexHeldCount  tasks.o
    0x08006330   0x08006330   0x00000024   Code   RO         4835    i.pxPortInitialiseStack  port.o
    0x08006354   0x08006354   0x00000038   Code   RO         4982    i.random_number     random.o
    0x0800638c   0x0800638c   0x000000d0   Code   RO         4984    i.random_string     random.o
    0x0800645c   0x0800645c   0x0000000e   Code   RO         5206    i.readChar          mqttpacket.o
    0x0800646a   0x0800646a   0x0000001a   Code   RO         5207    i.readInt           mqttpacket.o
    0x08006484   0x08006484   0x0000003a   Code   RO         5208    i.readMQTTLenString  mqttpacket.o
    0x080064be   0x080064be   0x00000008   Code   RO         3158    i.ring_buffer_init  ring_buffer.o
    0x080064c6   0x080064c6   0x00000028   Code   RO         3159    i.ring_buffer_read  ring_buffer.o
    0x080064ee   0x080064ee   0x0000001c   Code   RO         3160    i.ring_buffer_write  ring_buffer.o
    0x0800650a   0x0800650a   0x00000002   PAD
    0x0800650c   0x0800650c   0x00000090   Code   RO         6238    i.topic1_handler    at_command.o
    0x0800659c   0x0800659c   0x00000028   Code   RO         3375    i.uxListRemove      list.o
    0x080065c4   0x080065c4   0x00000018   Code   RO         4413    i.vApplicationGetIdleTaskMemory  cmsis_os2.o
    0x080065dc   0x080065dc   0x00000018   Code   RO         4414    i.vApplicationGetTimerTaskMemory  cmsis_os2.o
    0x080065f4   0x080065f4   0x0000001a   Code   RO         3376    i.vListInitialise   list.o
    0x0800660e   0x0800660e   0x00000006   Code   RO         3377    i.vListInitialiseItem  list.o
    0x08006614   0x08006614   0x00000034   Code   RO         3378    i.vListInsert       list.o
    0x08006648   0x08006648   0x00000018   Code   RO         3379    i.vListInsertEnd    list.o
    0x08006660   0x08006660   0x00000054   Code   RO         4837    i.vPortEnterCritical  port.o
    0x080066b4   0x080066b4   0x0000003c   Code   RO         4838    i.vPortExitCritical  port.o
    0x080066f0   0x080066f0   0x00000094   Code   RO         4786    i.vPortFree         heap_4.o
    0x08006784   0x08006784   0x00000028   Code   RO         4839    i.vPortSetupTimerInterrupt  port.o
    0x080067ac   0x080067ac   0x00000078   Code   RO         4840    i.vPortValidateInterruptPriority  port.o
    0x08006824   0x08006824   0x0000002c   Code   RO         3428    i.vQueueAddToRegistry  queue.o
    0x08006850   0x08006850   0x0000004a   Code   RO         3432    i.vQueueWaitForMessageRestricted  queue.o
    0x0800689a   0x0800689a   0x00000002   PAD
    0x0800689c   0x0800689c   0x0000005c   Code   RO         3842    i.vTaskDelay        tasks.o
    0x080068f8   0x080068f8   0x000000c8   Code   RO         3844    i.vTaskDelete       tasks.o
    0x080069c0   0x080069c0   0x00000018   Code   RO         3847    i.vTaskInternalSetTimeOutState  tasks.o
    0x080069d8   0x080069d8   0x0000000c   Code   RO         3848    i.vTaskMissedYield  tasks.o
    0x080069e4   0x080069e4   0x00000038   Code   RO         3850    i.vTaskPlaceOnEventList  tasks.o
    0x08006a1c   0x08006a1c   0x00000040   Code   RO         3851    i.vTaskPlaceOnEventListRestricted  tasks.o
    0x08006a5c   0x08006a5c   0x000000d0   Code   RO         3853    i.vTaskPriorityDisinheritAfterTimeout  tasks.o
    0x08006b2c   0x08006b2c   0x00000090   Code   RO         3856    i.vTaskResume       tasks.o
    0x08006bbc   0x08006bbc   0x000000b8   Code   RO         3859    i.vTaskStartScheduler  tasks.o
    0x08006c74   0x08006c74   0x000000c8   Code   RO         3860    i.vTaskSuspend      tasks.o
    0x08006d3c   0x08006d3c   0x00000010   Code   RO         3861    i.vTaskSuspendAll   tasks.o
    0x08006d4c   0x08006d4c   0x00000090   Code   RO         3862    i.vTaskSwitchContext  tasks.o
    0x08006ddc   0x08006ddc   0x00000028   Code   RO         5209    i.writeCString      mqttpacket.o
    0x08006e04   0x08006e04   0x0000000c   Code   RO         5210    i.writeChar         mqttpacket.o
    0x08006e10   0x08006e10   0x00000030   Code   RO         5211    i.writeInt          mqttpacket.o
    0x08006e40   0x08006e40   0x0000003e   Code   RO         5212    i.writeMQTTString   mqttpacket.o
    0x08006e7e   0x08006e7e   0x00000002   PAD
    0x08006e80   0x08006e80   0x000000f8   Code   RO         4841    i.xPortStartScheduler  port.o
    0x08006f78   0x08006f78   0x0000005e   Code   RO         3437    i.xQueueGenericCreate  queue.o
    0x08006fd6   0x08006fd6   0x000000de   Code   RO         3438    i.xQueueGenericCreateStatic  queue.o
    0x080070b4   0x080070b4   0x00000098   Code   RO         3439    i.xQueueGenericReset  queue.o
    0x0800714c   0x0800714c   0x000001a8   Code   RO         3440    i.xQueueGenericSend  queue.o
    0x080072f4   0x080072f4   0x000000f8   Code   RO         3441    i.xQueueGenericSendFromISR  queue.o
    0x080073ec   0x080073ec   0x000000e0   Code   RO         3444    i.xQueueGiveFromISR  queue.o
    0x080074cc   0x080074cc   0x00000168   Code   RO         3450    i.xQueueReceive     queue.o
    0x08007634   0x08007634   0x000001b8   Code   RO         3452    i.xQueueSemaphoreTake  queue.o
    0x080077ec   0x080077ec   0x0000008c   Code   RO         3863    i.xTaskCheckForTimeOut  tasks.o
    0x08007878   0x08007878   0x00000064   Code   RO         3864    i.xTaskCreate       tasks.o
    0x080078dc   0x080078dc   0x000000b8   Code   RO         3865    i.xTaskCreateStatic  tasks.o
    0x08007994   0x08007994   0x00000020   Code   RO         3869    i.xTaskGetSchedulerState  tasks.o
    0x080079b4   0x080079b4   0x0000000c   Code   RO         3870    i.xTaskGetTickCount  tasks.o
    0x080079c0   0x080079c0   0x00000144   Code   RO         3872    i.xTaskIncrementTick  tasks.o
    0x08007b04   0x08007b04   0x000000a4   Code   RO         3875    i.xTaskPriorityDisinherit  tasks.o
    0x08007ba8   0x08007ba8   0x000000a4   Code   RO         3876    i.xTaskPriorityInherit  tasks.o
    0x08007c4c   0x08007c4c   0x00000098   Code   RO         3877    i.xTaskRemoveFromEventList  tasks.o
    0x08007ce4   0x08007ce4   0x00000104   Code   RO         3878    i.xTaskResumeAll    tasks.o
    0x08007de8   0x08007de8   0x00000078   Code   RO         4199    i.xTimerCreateTimerTask  timers.o
    0x08007e60   0x08007e60   0x00000084   Code   RO         4200    i.xTimerGenericCommand  timers.o
    0x08007ee4   0x08007ee4   0x00000024   Data   RO          238    .constdata          freertos.o
    0x08007f08   0x08007f08   0x00000018   Data   RO         3048    .constdata          system_stm32f1xx.o
    0x08007f20   0x08007f20   0x000002cc   Data   RO         5511    .constdata          mqttclient.o
    0x080081ec   0x080081ec   0x0000000f   Data   RO         6240    .constdata          at_command.o
    0x080081fb   0x080081fb   0x00000001   PAD
    0x080081fc   0x080081fc   0x0000000c   Data   RO          239    .conststring        freertos.o
    0x08008208   0x08008208   0x000000aa   Data   RO         5512    .conststring        mqttclient.o
    0x080082b2   0x080082b2   0x00000002   PAD
    0x080082b4   0x080082b4   0x00000054   Data   RO         6241    .conststring        at_command.o
    0x08008308   0x08008308   0x00000020   Data   RO         6725    Region$$Table       anon$$obj.o


    Execution Region RW_IRAM1 (Exec base: 0x20000000, Load base: 0x08008328, Size: 0x00009ed8, Max: 0x00010000, ABSOLUTE)

    Exec Addr    Load Addr    Size         Type   Attr      Idx    E Section Name        Object

    0x20000000   0x08008328   0x00000004   Data   RW          240    .data               freertos.o
    0x20000004   0x0800832c   0x00000009   Data   RW          714    .data               stm32f1xx_hal.o
    0x2000000d   0x08008335   0x00000003   PAD
    0x20000010   0x08008338   0x00000004   Data   RW         3049    .data               system_stm32f1xx.o
    0x20000014   0x0800833c   0x00000003   Data   RW         3091    .data               driver_usart.o
    0x20000017   0x0800833f   0x00000002   Data   RW         3199    .data               driver_key.o
    0x20000019   0x08008341   0x00000003   PAD
    0x2000001c   0x08008344   0x0000003c   Data   RW         3881    .data               tasks.o
    0x20000058   0x08008380   0x00000014   Data   RW         4208    .data               timers.o
    0x2000006c   0x08008394   0x00000004   Data   RW         4416    .data               cmsis_os2.o
    0x20000070   0x08008398   0x00000018   Data   RW         4791    .data               heap_4.o
    0x20000088   0x080083b0   0x0000000c   Data   RW         4842    .data               port.o
    0x20000094   0x080083bc   0x00000004   Data   RW         4985    .data               random.o
    0x20000098   0x080083c0   0x00000004   Data   RW         5213    .data               mqttpacket.o
    0x2000009c   0x080083c4   0x00000004   Data   RW         6067    .data               platform_mutex.o
    0x200000a0   0x080083c8   0x0000000c   Data   RW         6242    .data               at_command.o
    0x200000ac   0x080083d4   0x00000004   Data   RW         6349    .data               stm32_uart3.o
    0x200000b0   0x080083d8   0x00000004   Data   RW         6406    .data               mc_w.l(rand.o)
    0x200000b4   0x080083dc   0x00000004   Data   RW         6701    .data               mc_w.l(stdout.o)
    0x200000b8        -       0x00000408   Zero   RW           17    .bss                main.o
    0x200004c0        -       0x00000088   Zero   RW          397    .bss                usart.o
    0x20000548        -       0x00000048   Zero   RW          617    .bss                stm32f1xx_hal_timebase_tim.o
    0x20000590        -       0x00000040   Zero   RW         3454    .bss                queue.o
    0x200005d0        -       0x000004c4   Zero   RW         3880    .bss                tasks.o
    0x20000a94        -       0x00000118   Zero   RW         4207    .bss                timers.o
    0x20000bac        -       0x000006b8   Zero   RW         4415    .bss                cmsis_os2.o
    0x20001264        -       0x00008000   Zero   RW         4790    .bss                heap_4.o
    0x20009264        -       0x0000046c   Zero   RW         6239    .bss                at_command.o
    0x200096d0        -       0x00000408   Zero   RW         6348    .bss                stm32_uart3.o
    0x20009ad8        -       0x00000400   Zero   RW            1    STACK               startup_stm32f103xe.o


==============================================================================

Image component sizes


      Code (inc. data)   RO Data    RW Data    ZI Data      Debug   Object Name

      1132        366         99         12       1132      12877   at_command.o
        32          0          0          0          0       1472   at_uart_hal.o
       474         38          0          4       1720      18098   cmsis_os2.o
       216         26          0          2          0       3030   driver_key.o
       240         48          0          3          0       5078   driver_usart.o
         0          0          0          0          0      20264   event_groups.o
        96         42         48          4          0      16105   freertos.o
       288         16          0          0          0       1067   gpio.o
       692         62          0         24      32768       4779   heap_4.o
       148          0          0          0          0       3530   list.o
       236         34          0          0       1032     479350   main.o
       102          0          0          0          0       7456   mqtt_list.o
      7596       2062        886          0          0      60668   mqttclient.o
       690         18          0          0          0       9561   mqttconnectclient.o
       276          0          0          0          0       3068   mqttdeserializepublish.o
       600         18          0          4          0      12132   mqttpacket.o
       324          0          0          0          0       3178   mqttserializepublish.o
       368          0          0          0          0       3895   mqttsubscribeclient.o
        46          0          0          0          0        951   mqttunsubscribeclient.o
       106          0          0          0          0       4438   nettype_tcp.o
       132          0          0          0          0       4243   network.o
        38          0          0          0          0       1243   platform_memory.o
       130         10          0          4          0       3551   platform_mutex.o
       572        264          0          0          0       3985   platform_net_socket.o
       110          0          0          0          0       3774   platform_thread.o
       110          0          0          0          0       4752   platform_timer.o
       854         78          0         12          0      11113   port.o
      2692         26          0          0         64      21736   queue.o
       280         12          0          4          0       2644   random.o
        76          0          0          0          0       2714   ring_buffer.o
        36          8        304          0       1024        944   startup_stm32f103xe.o
       184         38          0          4       1032       2655   stm32_uart3.o
        76         20          0          9          0       6250   stm32f1xx_hal.o
       252         22          0          0          0      29674   stm32f1xx_hal_cortex.o
       510         10          0          0          0       2395   stm32f1xx_hal_dma.o
       888         44          0          0          0       4770   stm32f1xx_hal_gpio.o
        96         10          0          0          0       1230   stm32f1xx_hal_msp.o
      1852        120          0          0          0       8129   stm32f1xx_hal_rcc.o
       818         44          0          0          0       7818   stm32f1xx_hal_tim.o
         4          0          0          0          0       2017   stm32f1xx_hal_tim_ex.o
       136         18          0          0         72       1963   stm32f1xx_hal_timebase_tim.o
      1476         10          0          0          0      10123   stm32f1xx_hal_uart.o
        38          6          0          0          0       4246   stm32f1xx_it.o
         0          0          0          0          0       8912   stream_buffer.o
         2          0         24          4          0       1623   system_stm32f1xx.o
      3832        462          0         60       1220      30074   tasks.o
      1238        124          0         20        280      26931   timers.o
       404         46          0          0        136     486335   usart.o

    ----------------------------------------------------------------------
     30546       4102       1396        176      40480    1366841   Object Totals
         0          0         32          0          0          0   (incl. Generated)
        48          0          3          6          0          0   (incl. Padding)

    ----------------------------------------------------------------------

      Code (inc. data)   RO Data    RW Data    ZI Data      Debug   Library Member Name

         0          0          0          0          0          0   entry.o
         0          0          0          0          0          0   entry10a.o
         0          0          0          0          0          0   entry11a.o
         4          0          0          0          0          0   entry12b.o
         8          4          0          0          0          0   entry2.o
         4          0          0          0          0          0   entry5.o
         0          0          0          0          0          0   entry7b.o
         0          0          0          0          0          0   entry8b.o
         8          4          0          0          0          0   entry9a.o
        30          0          0          0          0          0   handlers.o
        36          8          0          0          0         68   init.o
        30          0          0          0          0         68   llshl.o
        32          0          0          0          0         68   llushr.o
        36          0          0          0          0         68   memcpya.o
        36          0          0          0          0        108   memseta.o
      1192         60          0          0          0        504   printf8.o
        36         10          0          4          0        136   rand.o
         0          0          0          4          0          0   stdout.o
        14          0          0          0          0         68   strlen.o
        30          0          0          0          0         80   strncmp.o
        36          0          0          0          0         80   strstr.o
        98          0          0          0          0         92   uldiv.o

    ----------------------------------------------------------------------
      1634         86          0          8          0       1340   Library Totals
         4          0          0          0          0          0   (incl. Padding)

    ----------------------------------------------------------------------

      Code (inc. data)   RO Data    RW Data    ZI Data      Debug   Library Name

      1630         86          0          8          0       1340   mc_w.l

    ----------------------------------------------------------------------
      1634         86          0          8          0       1340   Library Totals

    ----------------------------------------------------------------------

==============================================================================


      Code (inc. data)   RO Data    RW Data    ZI Data      Debug   

     32180       4188       1396        184      40480    1351745   Grand Totals
     32180       4188       1396        184      40480    1351745   ELF Image Totals
     32180       4188       1396        184          0          0   ROM Totals

==============================================================================

    Total RO  Size (Code + RO Data)                33576 (  32.79kB)
    Total RW  Size (RW Data + ZI Data)             40664 (  39.71kB)
    Total ROM Size (Code + RO Data + RW Data)      33760 (  32.97kB)

==============================================================================

